Archive member included to satisfy reference by file (symbol)

D:/MSYS2/ucrt64/bin/../lib/gcc/x86_64-w64-mingw32/15.2.0/../../../../lib/libstdc++.dll.a(libstdc___6_dll_d006862.o)
                              build/./main.o (__gxx_personality_seh0)
D:/MSYS2/ucrt64/bin/../lib/gcc/x86_64-w64-mingw32/15.2.0/../../../../lib/libstdc++.dll.a(libstdc___6_dll_d006844.o)
                              build/./main.o (__cxa_throw)
D:/MSYS2/ucrt64/bin/../lib/gcc/x86_64-w64-mingw32/15.2.0/../../../../lib/libstdc++.dll.a(libstdc___6_dll_d006823.o)
                              build/./main.o (__cxa_allocate_exception)
D:/MSYS2/ucrt64/bin/../lib/gcc/x86_64-w64-mingw32/15.2.0/../../../../lib/libstdc++.dll.a(libstdc___6_dll_d006709.o)
                              build/./main.o (vtable for std::exception)
D:/MSYS2/ucrt64/bin/../lib/gcc/x86_64-w64-mingw32/15.2.0/../../../../lib/libstdc++.dll.a(libstdc___6_dll_d006706.o)
                              build/./main.o (vtable for std::bad_alloc)
D:/MSYS2/ucrt64/bin/../lib/gcc/x86_64-w64-mingw32/15.2.0/../../../../lib/libstdc++.dll.a(libstdc___6_dll_d006510.o)
                              build/./main.o (vtable for __cxxabiv1::__si_class_type_info)
D:/MSYS2/ucrt64/bin/../lib/gcc/x86_64-w64-mingw32/15.2.0/../../../../lib/libstdc++.dll.a(libstdc___6_dll_d006505.o)
                              build/./main.o (vtable for __cxxabiv1::__class_type_info)
D:/MSYS2/ucrt64/bin/../lib/gcc/x86_64-w64-mingw32/15.2.0/../../../../lib/libstdc++.dll.a(libstdc___6_dll_d005593.o)
                              build/./main.o (std::basic_ostream<char, std::char_traits<char> >& std::endl<char, std::char_traits<char> >(std::basic_ostream<char, std::char_traits<char> >&))
D:/MSYS2/ucrt64/bin/../lib/gcc/x86_64-w64-mingw32/15.2.0/../../../../lib/libstdc++.dll.a(libstdc___6_dll_d005592.o)
                              build/./main.o (std::cout)
D:/MSYS2/ucrt64/bin/../lib/gcc/x86_64-w64-mingw32/15.2.0/../../../../lib/libstdc++.dll.a(libstdc___6_dll_d005550.o)
                              build/./main.o (std::__throw_logic_error(char const*))
D:/MSYS2/ucrt64/bin/../lib/gcc/x86_64-w64-mingw32/15.2.0/../../../../lib/libstdc++.dll.a(libstdc___6_dll_d005527.o)
                              build/./main.o (std::basic_ostream<char, std::char_traits<char> >& std::__ostream_insert<char, std::char_traits<char> >(std::basic_ostream<char, std::char_traits<char> >&, char const*, long long))
D:/MSYS2/ucrt64/bin/../lib/gcc/x86_64-w64-mingw32/15.2.0/../../../../lib/libstdc++.dll.a(libstdc___6_dll_d005368.o)
                              build/./main.o (std::basic_ios<char, std::char_traits<char> >::copyfmt(std::basic_ios<char, std::char_traits<char> > const&))
D:/MSYS2/ucrt64/bin/../lib/gcc/x86_64-w64-mingw32/15.2.0/../../../../lib/libstdc++.dll.a(libstdc___6_dll_d005354.o)
                              build/./main.o (std::bad_alloc::~bad_alloc())
D:/MSYS2/ucrt64/bin/../lib/gcc/x86_64-w64-mingw32/15.2.0/../../../../lib/libstdc++.dll.a(libstdc___6_dll_d004934.o)
                              build/./main.o (std::__cxx11::basic_stringstream<char, std::char_traits<char>, std::allocator<char> >::~basic_stringstream())
D:/MSYS2/ucrt64/bin/../lib/gcc/x86_64-w64-mingw32/15.2.0/../../../../lib/libstdc++.dll.a(libstdc___6_dll_d004926.o)
                              build/./main.o (std::__cxx11::basic_stringstream<char, std::char_traits<char>, std::allocator<char> >::basic_stringstream())
D:/MSYS2/ucrt64/bin/../lib/gcc/x86_64-w64-mingw32/15.2.0/../../../../lib/libstdc++.dll.a(libstdc___6_dll_d004543.o)
                              build/./main.o (std::__cxx11::basic_string<char, std::char_traits<char>, std::allocator<char> >::push_back(char))
D:/MSYS2/ucrt64/bin/../lib/gcc/x86_64-w64-mingw32/15.2.0/../../../../lib/libstdc++.dll.a(libstdc___6_dll_d004539.o)
                              build/./main.o (std::__cxx11::basic_string<char, std::char_traits<char>, std::allocator<char> >::_M_create(unsigned long long&, unsigned long long))
D:/MSYS2/ucrt64/bin/../lib/gcc/x86_64-w64-mingw32/15.2.0/../../../../lib/libstdc++.dll.a(libstdc___6_dll_d004509.o)
                              build/./main.o (std::__cxx11::basic_string<char, std::char_traits<char>, std::allocator<char> >::_S_copy(char*, char const*, unsigned long long))
D:/MSYS2/ucrt64/bin/../lib/gcc/x86_64-w64-mingw32/15.2.0/../../../../lib/libstdc++.dll.a(libstdc___6_dll_d004433.o)
                              build/./main.o (std::__cxx11::basic_string<char, std::char_traits<char>, std::allocator<char> >::_M_dispose())
D:/MSYS2/ucrt64/bin/../lib/gcc/x86_64-w64-mingw32/15.2.0/../../../../lib/libstdc++.dll.a(libstdc___6_dll_d001895.o)
                              build/./main.o (std::ostream& std::ostream::_M_insert<double>(double))
D:/MSYS2/ucrt64/bin/../lib/gcc/x86_64-w64-mingw32/15.2.0/../../../../lib/libstdc++.dll.a(libstdc___6_dll_d001587.o)
                              build/./main.o (std::basic_ios<char, std::char_traits<char> >::fill() const)
[...]
Memory Configuration

Name             Origin             Length             Attributes
*default*        0x0000000000000000 0xffffffffffffffff

Linker script and memory map

                0x0000000140000000                __image_base__ = 0x140000000
                0x0000000000000000                __dll__ = 0x0
                0x0000000140000000                __ImageBase = 0x140000000
                0x0000000000001000                __section_alignment__ = 0x1000
                0x0000000000000200                __file_alignment__ = 0x200
                0x0000000000000004                __major_os_version__ = 0x4
                0x0000000000000000                __minor_os_version__ = 0x0
                0x0000000000000000                __major_image_version__ = 0x0
                0x0000000000000000                __minor_image_version__ = 0x0
                0x0000000000000005                __major_subsystem_version__ = 0x5
                0x0000000000000002                __minor_subsystem_version__ = 0x2
                0x0000000000000003                __subsystem__ = 0x3
                0x0000000000200000                __size_of_stack_reserve__ = 0x200000
                0x0000000000001000                __size_of_stack_commit__ = 0x1000
                0x0000000000100000                __size_of_heap_reserve__ = 0x100000
                0x0000000000001000                __size_of_heap_commit__ = 0x1000
                0x0000000000000000                __loader_flags__ = 0x0
                0x0000000000000160                __dll_characteristics__ = 0x160
LOAD D:/MSYS2/ucrt64/bin/../lib/gcc/x86_64-w64-mingw32/15.2.0/../../../../lib/crt2.o
LOAD D:/MSYS2/ucrt64/bin/../lib/gcc/x86_64-w64-mingw32/15.2.0/crtbegin.o
LOAD build/./main.o
LOAD build/./printer/printer.o
LOAD D:/MSYS2/ucrt64/bin/../lib/gcc/x86_64-w64-mingw32/15.2.0/../../../../lib/libstdc++.dll.a
LOAD D:/MSYS2/ucrt64/bin/../lib/gcc/x86_64-w64-mingw32/15.2.0/../../../../lib/libmingw32.a
LOAD D:/MSYS2/ucrt64/bin/../lib/gcc/x86_64-w64-mingw32/15.2.0/../../../../lib/libgcc_s.a
LOAD D:/MSYS2/ucrt64/bin/../lib/gcc/x86_64-w64-mingw32/15.2.0/libgcc.a
LOAD D:/MSYS2/ucrt64/bin/../lib/gcc/x86_64-w64-mingw32/15.2.0/../../../../lib/libmingwex.a
LOAD D:/MSYS2/ucrt64/bin/../lib/gcc/x86_64-w64-mingw32/15.2.0/../../../../lib/libmsvcrt.a
LOAD D:/MSYS2/ucrt64/bin/../lib/gcc/x86_64-w64-mingw32/15.2.0/../../../../lib/libkernel32.a
LOAD D:/MSYS2/ucrt64/bin/../lib/gcc/x86_64-w64-mingw32/15.2.0/../../../../lib/libpthread.dll.a
LOAD D:/MSYS2/ucrt64/bin/../lib/gcc/x86_64-w64-mingw32/15.2.0/../../../../lib/libadvapi32.a
LOAD D:/MSYS2/ucrt64/bin/../lib/gcc/x86_64-w64-mingw32/15.2.0/../../../../lib/libshell32.a
LOAD D:/MSYS2/ucrt64/bin/../lib/gcc/x86_64-w64-mingw32/15.2.0/../../../../lib/libuser32.a
LOAD D:/MSYS2/ucrt64/bin/../lib/gcc/x86_64-w64-mingw32/15.2.0/../../../../lib/libkernel32.a
LOAD D:/MSYS2/ucrt64/bin/../lib/gcc/x86_64-w64-mingw32/15.2.0/../../../../lib/libmingw32.a
LOAD D:/MSYS2/ucrt64/bin/../lib/gcc/x86_64-w64-mingw32/15.2.0/../../../../lib/libgcc_s.a
LOAD D:/MSYS2/ucrt64/bin/../lib/gcc/x86_64-w64-mingw32/15.2.0/libgcc.a
LOAD D:/MSYS2/ucrt64/bin/../lib/gcc/x86_64-w64-mingw32/15.2.0/../../../../lib/libmingwex.a
LOAD D:/MSYS2/ucrt64/bin/../lib/gcc/x86_64-w64-mingw32/15.2.0/../../../../lib/libmsvcrt.a
LOAD D:/MSYS2/ucrt64/bin/../lib/gcc/x86_64-w64-mingw32/15.2.0/../../../../lib/libkernel32.a
LOAD D:/MSYS2/ucrt64/bin/../lib/gcc/x86_64-w64-mingw32/15.2.0/../../../../lib/default-manifest.o
LOAD D:/MSYS2/ucrt64/bin/../lib/gcc/x86_64-w64-mingw32/15.2.0/crtend.o
                0x0000000000000480                . = SIZEOF_HEADERS
                0x0000000000001000                . = ALIGN (__section_alignment__)

.text           0x0000000140001000     0x2a00
 *(SORT_NONE(.init))
 *(.text)
 .text          0x0000000140001000      0x430 D:/MSYS2/ucrt64/bin/../lib/gcc/x86_64-w64-mingw32/15.2.0/../../../../lib/crt2.o
                0x00000001400013e0                WinMainCRTStartup
                0x0000000140001400                mainCRTStartup
                0x0000000140001420                atexit
 .text          0x0000000140001430       0x20 D:/MSYS2/ucrt64/bin/../lib/gcc/x86_64-w64-mingw32/15.2.0/crtbegin.o
                0x0000000140001430                __gcc_register_frame
                0x0000000140001440                __gcc_deregister_frame
 .text          0x0000000140001450      0x310 build/./main.o
                0x0000000140001450                main
 .text          0x0000000140001760       0x50 build/./printer/printer.o
                0x0000000140001760                printText::print()
                0x000000014000178a                printText::printText(std::__cxx11::basic_string<char, std::char_traits<char>, std::allocator<char> >)
                0x000000014000178a                printText::printText(std::__cxx11::basic_string<char, std::char_traits<char>, std::allocator<char> >)
 .text          0x00000001400017b0        0x8 D:/MSYS2/ucrt64/bin/../lib/gcc/x86_64-w64-mingw32/15.2.0/../../../../lib/libstdc++.dll.a(libstdc___6_dll_d006862.o)
                0x00000001400017b0                __gxx_personality_seh0
 .text          0x00000001400017b8        0x8 D:/MSYS2/ucrt64/bin/../lib/gcc/x86_64-w64-mingw32/15.2.0/../../../../lib/libstdc++.dll.a(libstdc___6_dll_d006844.o)
                0x00000001400017b8                __cxa_throw
 .text          0x00000001400017c0        0x8 D:/MSYS2/ucrt64/bin/../lib/gcc/x86_64-w64-mingw32/15.2.0/../../../../lib/libstdc++.dll.a(libstdc___6_dll_d006823.o)
                0x00000001400017c0                __cxa_allocate_exception
 .text          0x00000001400017c8        0x0 D:/MSYS2/ucrt64/bin/../lib/gcc/x86_64-w64-mingw32/15.2.0/../../../../lib/libstdc++.dll.a(libstdc___6_dll_d006709.o)
 .text          0x00000001400017c8        0x0 D:/MSYS2/ucrt64/bin/../lib/gcc/x86_64-w64-mingw32/15.2.0/../../../../lib/libstdc++.dll.a(libstdc___6_dll_d006706.o)
 .text          0x00000001400017c8        0x0 D:/MSYS2/ucrt64/bin/../lib/gcc/x86_64-w64-mingw32/15.2.0/../../../../lib/libstdc++.dll.a(libstdc___6_dll_d006510.o)
 .text          0x00000001400017c8        0x0 D:/MSYS2/ucrt64/bin/../lib/gcc/x86_64-w64-mingw32/15.2.0/../../../../lib/libstdc++.dll.a(libstdc___6_dll_d006505.o)
 .text          0x00000001400017c8        0x8 D:/MSYS2/ucrt64/bin/../lib/gcc/x86_64-w64-mingw32/15.2.0/../../../../lib/libstdc++.dll.a(libstdc___6_dll_d005593.o)
                0x00000001400017c8                std::basic_ostream<char, std::char_traits<char> >& std::endl<char, std::char_traits<char> >(std::basic_ostream<char, std::char_traits<char> >&)
 .text          0x00000001400017d0        0x0 D:/MSYS2/ucrt64/bin/../lib/gcc/x86_64-w64-mingw32/15.2.0/../../../../lib/libstdc++.dll.a(libstdc___6_dll_d005592.o)
 .text          0x00000001400017d0        0x8 D:/MSYS2/ucrt64/bin/../lib/gcc/x86_64-w64-mingw32/15.2.0/../../../../lib/libstdc++.dll.a(libstdc___6_dll_d005550.o)
                0x00000001400017d0                std::__throw_logic_error(char const*)
 .text          0x00000001400017d8        0x8 D:/MSYS2/ucrt64/bin/../lib/gcc/x86_64-w64-mingw32/15.2.0/../../../../lib/libstdc++.dll.a(libstdc___6_dll_d005527.o)
                0x00000001400017d8                std::basic_ostream<char, std::char_traits<char> >& std::__ostream_insert<char, std::char_traits<char> >(std::basic_ostream<char, std::char_traits<char> >&, char const*, long long)
 .text          0x00000001400017e0        0x8 D:/MSYS2/ucrt64/bin/../lib/gcc/x86_64-w64-mingw32/15.2.0/../../../../lib/libstdc++.dll.a(libstdc___6_dll_d005368.o)
                0x00000001400017e0                std::basic_ios<char, std::char_traits<char> >::copyfmt(std::basic_ios<char, std::char_traits<char> > const&)
 .text          0x00000001400017e8        0x8 D:/MSYS2/ucrt64/bin/../lib/gcc/x86_64-w64-mingw32/15.2.0/../../../../lib/libstdc++.dll.a(libstdc___6_dll_d005354.o)
                0x00000001400017e8                std::bad_alloc::~bad_alloc()
 .text          0x00000001400017f0        0x8 D:/MSYS2/ucrt64/bin/../lib/gcc/x86_64-w64-mingw32/15.2.0/../../../../lib/libstdc++.dll.a(libstdc___6_dll_d004934.o)
                0x00000001400017f0                std::__cxx11::basic_stringstream<char, std::char_traits<char>, std::allocator<char> >::~basic_stringstream()
 .text          0x00000001400017f8        0x8 D:/MSYS2/ucrt64/bin/../lib/gcc/x86_64-w64-mingw32/15.2.0/../../../../lib/libstdc++.dll.a(libstdc___6_dll_d004926.o)
                0x00000001400017f8                std::__cxx11::basic_stringstream<char, std::char_traits<char>, std::allocator<char> >::basic_stringstream()
 .text          0x0000000140001800        0x8 D:/MSYS2/ucrt64/bin/../lib/gcc/x86_64-w64-mingw32/15.2.0/../../../../lib/libstdc++.dll.a(libstdc___6_dll_d004543.o)
                0x0000000140001800                std::__cxx11::basic_string<char, std::char_traits<char>, std::allocator<char> >::push_back(char)
 .text          0x0000000140001808        0x8 D:/MSYS2/ucrt64/bin/../lib/gcc/x86_64-w64-mingw32/15.2.0/../../../../lib/libstdc++.dll.a(libstdc___6_dll_d004539.o)
                0x0000000140001808                std::__cxx11::basic_string<char, std::char_traits<char>, std::allocator<char> >::_M_create(unsigned long long&, unsigned long long)
 .text          0x0000000140001810        0x8 D:/MSYS2/ucrt64/bin/../lib/gcc/x86_64-w64-mingw32/15.2.0/../../../../lib/libstdc++.dll.a(libstdc___6_dll_d004509.o)
                0x0000000140001810                std::__cxx11::basic_string<char, std::char_traits<char>, std::allocator<char> >::_S_copy(char*, char const*, unsigned long long)
 .text          0x0000000140001818        0x8 D:/MSYS2/ucrt64/bin/../lib/gcc/x86_64-w64-mingw32/15.2.0/../../../../lib/libstdc++.dll.a(libstdc___6_dll_d004433.o)
                0x0000000140001818                std::__cxx11::basic_string<char, std::char_traits<char>, std::allocator<char> >::_M_dispose()
 .text          0x0000000140001820        0x8 D:/MSYS2/ucrt64/bin/../lib/gcc/x86_64-w64-mingw32/15.2.0/../../../../lib/libstdc++.dll.a(libstdc___6_dll_d001895.o)
                0x0000000140001820                std::ostream& std::ostream::_M_insert<double>(double)
 .text          0x0000000140001828        0x8 D:/MSYS2/ucrt64/bin/../lib/gcc/x86_64-w64-mingw32/15.2.0/../../../../lib/libstdc++.dll.a(libstdc___6_dll_d001587.o)
                0x0000000140001828                std::basic_ios<char, std::char_traits<char> >::fill() const
 .text          0x0000000140001830        0x8 D:/MSYS2/ucrt64/bin/../lib/gcc/x86_64-w64-mingw32/15.2.0/../../../../lib/libstdc++.dll.a(libstdc___6_dll_d001171.o)
                0x0000000140001830                std::__cxx11::basic_stringbuf<char, std::char_traits<char>, std::allocator<char> >::str() const
 *fill*         0x0000000140001838        0x8 
 .text          0x0000000140001840       0xf0 D:/MSYS2/ucrt64/bin/../lib/gcc/x86_64-w64-mingw32/15.2.0/../../../../lib/libmingw32.a(lib64_libmingw32_a-gccmain.o)
                0x0000000140001840                __do_global_dtors
                0x0000000140001890                __do_global_ctors
                0x0000000140001910                __main
 .text          0x0000000140001930        0x0 D:/MSYS2/ucrt64/bin/../lib/gcc/x86_64-w64-mingw32/15.2.0/../../../../lib/libmingw32.a(lib64_libmingw32_a-natstart.o)
 .text          0x0000000140001930        0x0 D:/MSYS2/ucrt64/bin/../lib/gcc/x86_64-w64-mingw32/15.2.0/../../../../lib/libmingw32.a(lib64_libmingw32_a-wildcard.o)
 .text          0x0000000140001930       0x10 D:/MSYS2/ucrt64/bin/../lib/gcc/x86_64-w64-mingw32/15.2.0/../../../../lib/libmingw32.a(lib64_libmingw32_a-dllargv.o)
                0x0000000140001930                _setargv
 .text          0x0000000140001940        0x0 D:/MSYS2/ucrt64/bin/../lib/gcc/x86_64-w64-mingw32/15.2.0/../../../../lib/libmingw32.a(lib64_libmingw32_a-_newmode.o)
 .text          0x0000000140001940       0xb0 D:/MSYS2/ucrt64/bin/../lib/gcc/x86_64-w64-mingw32/15.2.0/../../../../lib/libmingw32.a(lib64_libmingw32_a-tlssup.o)
                0x0000000140001940                __dyn_tls_dtor
                0x0000000140001960                __dyn_tls_init
                0x00000001400019e0                __tlregdtor
 .text          0x00000001400019f0        0x0 D:/MSYS2/ucrt64/bin/../lib/gcc/x86_64-w64-mingw32/15.2.0/../../../../lib/libmingw32.a(lib64_libmingw32_a-xncommod.o)
 .text          0x00000001400019f0        0x0 D:/MSYS2/ucrt64/bin/../lib/gcc/x86_64-w64-mingw32/15.2.0/../../../../lib/libmingw32.a(lib64_libmingw32_a-cinitexe.o)
 .text          0x00000001400019f0      0x100 D:/MSYS2/ucrt64/bin/../lib/gcc/x86_64-w64-mingw32/15.2.0/../../../../lib/libmingw32.a(lib64_libmingw32_a-merr.o)
                0x00000001400019f0                _matherr
 .text          0x0000000140001af0        0x0 D:/MSYS2/ucrt64/bin/../lib/gcc/x86_64-w64-mingw32/15.2.0/../../../../lib/libmingw32.a(lib64_libmingw32_a-xthdloc.o)
 .text          0x0000000140001af0        0x0 D:/MSYS2/ucrt64/bin/../lib/gcc/x86_64-w64-mingw32/15.2.0/../../../../lib/libmingw32.a(lib64_libmingw32_a-mingw_helpers.o)
 .text          0x0000000140001af0      0x560 D:/MSYS2/ucrt64/bin/../lib/gcc/x86_64-w64-mingw32/15.2.0/../../../../lib/libmingw32.a(lib64_libmingw32_a-pseudo-reloc.o)
                0x0000000140001cc0                _pei386_runtime_relocator
 .text          0x0000000140002050       0x50 D:/MSYS2/ucrt64/bin/../lib/gcc/x86_64-w64-mingw32/15.2.0/../../../../lib/libmingw32.a(lib64_libmingw32_a-usermatherr.o)
                0x0000000140002050                __mingw_raise_matherr
                0x0000000140002090                __mingw_setusermatherr
 .text          0x00000001400020a0        0x0 D:/MSYS2/ucrt64/bin/../lib/gcc/x86_64-w64-mingw32/15.2.0/../../../../lib/libmingw32.a(lib64_libmingw32_a-xtxtmode.o)
 .text          0x00000001400020a0      0x1c0 D:/MSYS2/ucrt64/bin/../lib/gcc/x86_64-w64-mingw32/15.2.0/../../../../lib/libmingw32.a(lib64_libmingw32_a-crt_handler.o)
                0x00000001400020a0                _gnu_exception_handler
 .text          0x0000000140002260      0x2a0 D:/MSYS2/ucrt64/bin/../lib/gcc/x86_64-w64-mingw32/15.2.0/../../../../lib/libmingw32.a(lib64_libmingw32_a-tlsthrd.o)
                0x00000001400022d0                ___w64_mingwthr_add_key_dtor
                0x0000000140002360                ___w64_mingwthr_remove_key_dtor
                0x00000001400023f0                __mingw_TLScallback
 .text          0x0000000140002500        0x0 D:/MSYS2/ucrt64/bin/../lib/gcc/x86_64-w64-mingw32/15.2.0/../../../../lib/libmingw32.a(lib64_libmingw32_a-tlsmcrt.o)
 .text          0x0000000140002500       0x10 D:/MSYS2/ucrt64/bin/../lib/gcc/x86_64-w64-mingw32/15.2.0/../../../../lib/libmingw32.a(lib64_libmingw32_a-CRT_fp10.o)
                0x0000000140002500                fpreset
                0x0000000140002500                _fpreset
 .text          0x0000000140002510        0x0 D:/MSYS2/ucrt64/bin/../lib/gcc/x86_64-w64-mingw32/15.2.0/../../../../lib/libmingw32.a(lib64_libmingw32_a-pseudo-reloc-list.o)
 .text          0x0000000140002510      0x3f0 D:/MSYS2/ucrt64/bin/../lib/gcc/x86_64-w64-mingw32/15.2.0/../../../../lib/libmingw32.a(lib64_libmingw32_a-pesect.o)
                0x0000000140002510                _ValidateImageBase
                0x0000000140002540                _FindPESection
                0x0000000140002590                _FindPESectionByName
                0x0000000140002630                __mingw_GetSectionForAddress
                0x00000001400026b0                __mingw_GetSectionCount
                0x00000001400026f0                _FindPESectionExec
                0x0000000140002770                _GetPEImageBase
                0x00000001400027b0                _IsNonwritableInCurrentImage
                0x0000000140002840                __mingw_enum_import_library_names
 .text          0x0000000140002900        0x8 D:/MSYS2/ucrt64/bin/../lib/gcc/x86_64-w64-mingw32/15.2.0/../../../../lib/libgcc_s.a(libgcc_s_seh_1_dll_d000015.o)
                0x0000000140002900                _Unwind_Resume
 *fill*         0x0000000140002908        0x8 
 .text          0x0000000140002910       0x40 D:/MSYS2/ucrt64/bin/../lib/gcc/x86_64-w64-mingw32/15.2.0/libgcc.a(_chkstk_ms.o)
                0x0000000140002910                ___chkstk_ms
 .text          0x0000000140002950        0x0 D:/MSYS2/ucrt64/bin/../lib/gcc/x86_64-w64-mingw32/15.2.0/libgcc.a(_ctors.o)
 .text          0x0000000140002950        0x0 D:/MSYS2/ucrt64/bin/../lib/gcc/x86_64-w64-mingw32/15.2.0/../../../../lib/libmingwex.a(lib64_libmingwex_a-mingw_matherr.o)
 .text          0x0000000140002950       0x40 D:/MSYS2/ucrt64/bin/../lib/gcc/x86_64-w64-mingw32/15.2.0/../../../../lib/libmsvcrt.a(lib64_libucrt_extra_a-ucrt_vfprintf.o)
                0x0000000140002950                vfprintf
 .text          0x0000000140002990       0x50 D:/MSYS2/ucrt64/bin/../lib/gcc/x86_64-w64-mingw32/15.2.0/../../../../lib/libmsvcrt.a(lib64_libucrt_extra_a-ucrt_fprintf.o)
                0x0000000140002990                fprintf
 .text          0x00000001400029e0       0x10 D:/MSYS2/ucrt64/bin/../lib/gcc/x86_64-w64-mingw32/15.2.0/../../../../lib/libmsvcrt.a(lib64_libucrt_extra_a-ucrt___local_stdio_printf_options.o)
                0x00000001400029e0                __local_stdio_printf_options
 .text          0x00000001400029f0       0x10 D:/MSYS2/ucrt64/bin/../lib/gcc/x86_64-w64-mingw32/15.2.0/../../../../lib/libmsvcrt.a(lib64_libucrt_extra_a-__p___initenv.o)
                0x00000001400029f0                __p___initenv
 .text          0x0000000140002a00       0x30 D:/MSYS2/ucrt64/bin/../lib/gcc/x86_64-w64-mingw32/15.2.0/../../../../lib/libmsvcrt.a(lib64_libucrt_extra_a-ucrt_amsg_exit.o)
                0x0000000140002a00                _amsg_exit
 .text          0x0000000140002a30       0x60 D:/MSYS2/ucrt64/bin/../lib/gcc/x86_64-w64-mingw32/15.2.0/../../../../lib/libmsvcrt.a(lib64_libucrt_extra_a-ucrt__getmainargs.o)
                0x0000000140002a30                __getmainargs
 .text          0x0000000140002a90        0x8 D:/MSYS2/ucrt64/bin/../lib/gcc/x86_64-w64-mingw32/15.2.0/../../../../lib/libmsvcrt.a(libapi-ms-win-crt-string-l1-1-0s00167.o)
                0x0000000140002a90                strlen
 .text          0x0000000140002a98        0x8 D:/MSYS2/ucrt64/bin/../lib/gcc/x86_64-w64-mingw32/15.2.0/../../../../lib/libmsvcrt.a(libapi-ms-win-crt-string-l1-1-0s00170.o)
                0x0000000140002a98                strncmp
 .text          0x0000000140002aa0        0x0 D:/MSYS2/ucrt64/bin/../lib/gcc/x86_64-w64-mingw32/15.2.0/../../../../lib/libmsvcrt.a(libapi-ms-win-crt-string-l1-1-0h.o)
 .text          0x0000000140002aa0        0x0 D:/MSYS2/ucrt64/bin/../lib/gcc/x86_64-w64-mingw32/15.2.0/../../../../lib/libmsvcrt.a(libapi-ms-win-crt-string-l1-1-0t.o)
 .text          0x0000000140002aa0        0x8 D:/MSYS2/ucrt64/bin/../lib/gcc/x86_64-w64-mingw32/15.2.0/../../../../lib/libmsvcrt.a(libapi-ms-win-crt-stdio-l1-1-0s00000.o)
                0x0000000140002aa0                __acrt_iob_func
 .text          0x0000000140002aa8        0x8 D:/MSYS2/ucrt64/bin/../lib/gcc/x86_64-w64-mingw32/15.2.0/../../../../lib/libmsvcrt.a(libapi-ms-win-crt-stdio-l1-1-0s00001.o)
                0x0000000140002aa8                __p__commode
 .text          0x0000000140002ab0        0x8 D:/MSYS2/ucrt64/bin/../lib/gcc/x86_64-w64-mingw32/15.2.0/../../../../lib/libmsvcrt.a(libapi-ms-win-crt-stdio-l1-1-0s00002.o)
                0x0000000140002ab0                __p__fmode
 .text          0x0000000140002ab8        0x8 D:/MSYS2/ucrt64/bin/../lib/gcc/x86_64-w64-mingw32/15.2.0/../../../../lib/libmsvcrt.a(libapi-ms-win-crt-stdio-l1-1-0s00003.o)
                0x0000000140002ab8                __stdio_common_vfprintf
 .text          0x0000000140002ac0        0x8 D:/MSYS2/ucrt64/bin/../lib/gcc/x86_64-w64-mingw32/15.2.0/../../../../lib/libmsvcrt.a(libapi-ms-win-crt-stdio-l1-1-0s00182.o)
                0x0000000140002ac0                getchar
 *fill*         0x0000000140002ac8        0x8 
 .text          0x0000000140002ad0        0x0 D:/MSYS2/ucrt64/bin/../lib/gcc/x86_64-w64-mingw32/15.2.0/../../../../lib/libmsvcrt.a(libapi-ms-win-crt-stdio-l1-1-0h.o)
 .text          0x0000000140002ad0        0x0 D:/MSYS2/ucrt64/bin/../lib/gcc/x86_64-w64-mingw32/15.2.0/../../../../lib/libmsvcrt.a(libapi-ms-win-crt-stdio-l1-1-0t.o)
 .text          0x0000000140002ad0        0x8 D:/MSYS2/ucrt64/bin/../lib/gcc/x86_64-w64-mingw32/15.2.0/../../../../lib/libmsvcrt.a(libapi-ms-win-crt-runtime-l1-1-0s00004.o)
                0x0000000140002ad0                __p___argc
 .text          0x0000000140002ad8        0x8 D:/MSYS2/ucrt64/bin/../lib/gcc/x86_64-w64-mingw32/15.2.0/../../../../lib/libmsvcrt.a(libapi-ms-win-crt-runtime-l1-1-0s00005.o)
                0x0000000140002ad8                __p___argv
 .text          0x0000000140002ae0        0x8 D:/MSYS2/ucrt64/bin/../lib/gcc/x86_64-w64-mingw32/15.2.0/../../../../lib/libmsvcrt.a(libapi-ms-win-crt-runtime-l1-1-0s00018.o)
                0x0000000140002ae0                _assert
 .text          0x0000000140002ae8        0x8 D:/MSYS2/ucrt64/bin/../lib/gcc/x86_64-w64-mingw32/15.2.0/../../../../lib/libmsvcrt.a(libapi-ms-win-crt-runtime-l1-1-0s00022.o)
                0x0000000140002ae8                _cexit
 .text          0x0000000140002af0        0x8 D:/MSYS2/ucrt64/bin/../lib/gcc/x86_64-w64-mingw32/15.2.0/../../../../lib/libmsvcrt.a(libapi-ms-win-crt-runtime-l1-1-0s00024.o)
                0x0000000140002af0                _configure_narrow_argv
 .text          0x0000000140002af8        0x8 D:/MSYS2/ucrt64/bin/../lib/gcc/x86_64-w64-mingw32/15.2.0/../../../../lib/libmsvcrt.a(libapi-ms-win-crt-runtime-l1-1-0s00030.o)
                0x0000000140002af8                _crt_atexit
 .text          0x0000000140002b00        0x8 D:/MSYS2/ucrt64/bin/../lib/gcc/x86_64-w64-mingw32/15.2.0/../../../../lib/libmsvcrt.a(libapi-ms-win-crt-runtime-l1-1-0s00035.o)
                0x0000000140002b00                _exit
 .text          0x0000000140002b08        0x8 D:/MSYS2/ucrt64/bin/../lib/gcc/x86_64-w64-mingw32/15.2.0/../../../../lib/libmsvcrt.a(libapi-ms-win-crt-runtime-l1-1-0s00051.o)
                0x0000000140002b08                _initialize_narrow_environment
 .text          0x0000000140002b10        0x8 D:/MSYS2/ucrt64/bin/../lib/gcc/x86_64-w64-mingw32/15.2.0/../../../../lib/libmsvcrt.a(libapi-ms-win-crt-runtime-l1-1-0s00054.o)
                0x0000000140002b10                __set_app_type
 .text          0x0000000140002b18        0x8 D:/MSYS2/ucrt64/bin/../lib/gcc/x86_64-w64-mingw32/15.2.0/../../../../lib/libmsvcrt.a(libapi-ms-win-crt-runtime-l1-1-0s00056.o)
                0x0000000140002b18                _initterm
 .text          0x0000000140002b20        0x8 D:/MSYS2/ucrt64/bin/../lib/gcc/x86_64-w64-mingw32/15.2.0/../../../../lib/libmsvcrt.a(libapi-ms-win-crt-runtime-l1-1-0s00057.o)
                0x0000000140002b20                _initterm_e
 .text          0x0000000140002b28        0x8 D:/MSYS2/ucrt64/bin/../lib/gcc/x86_64-w64-mingw32/15.2.0/../../../../lib/libmsvcrt.a(libapi-ms-win-crt-runtime-l1-1-0s00073.o)
                0x0000000140002b28                _set_invalid_parameter_handler
 .text          0x0000000140002b30        0x8 D:/MSYS2/ucrt64/bin/../lib/gcc/x86_64-w64-mingw32/15.2.0/../../../../lib/libmsvcrt.a(libapi-ms-win-crt-runtime-l1-1-0s00086.o)
                0x0000000140002b30                abort
 .text          0x0000000140002b38        0x8 D:/MSYS2/ucrt64/bin/../lib/gcc/x86_64-w64-mingw32/15.2.0/../../../../lib/libmsvcrt.a(libapi-ms-win-crt-runtime-l1-1-0s00087.o)
                0x0000000140002b38                exit
 .text          0x0000000140002b40        0x8 D:/MSYS2/ucrt64/bin/../lib/gcc/x86_64-w64-mingw32/15.2.0/../../../../lib/libmsvcrt.a(libapi-ms-win-crt-runtime-l1-1-0s00101.o)
                0x0000000140002b40                signal
 *fill*         0x0000000140002b48        0x8 
 .text          0x0000000140002b50        0x0 D:/MSYS2/ucrt64/bin/../lib/gcc/x86_64-w64-mingw32/15.2.0/../../../../lib/libmsvcrt.a(libapi-ms-win-crt-runtime-l1-1-0h.o)
 .text          0x0000000140002b50        0x0 D:/MSYS2/ucrt64/bin/../lib/gcc/x86_64-w64-mingw32/15.2.0/../../../../lib/libmsvcrt.a(libapi-ms-win-crt-runtime-l1-1-0t.o)
 .text          0x0000000140002b50        0x8 D:/MSYS2/ucrt64/bin/../lib/gcc/x86_64-w64-mingw32/15.2.0/../../../../lib/libmsvcrt.a(libapi-ms-win-crt-private-l1-1-0s00012.o)
                0x0000000140002b50                __C_specific_handler
 .text          0x0000000140002b58        0x8 D:/MSYS2/ucrt64/bin/../lib/gcc/x86_64-w64-mingw32/15.2.0/../../../../lib/libmsvcrt.a(libapi-ms-win-crt-private-l1-1-0s01088.o)
                0x0000000140002b58                memcpy
 .text          0x0000000140002b60        0x0 D:/MSYS2/ucrt64/bin/../lib/gcc/x86_64-w64-mingw32/15.2.0/../../../../lib/libmsvcrt.a(libapi-ms-win-crt-private-l1-1-0h.o)
 .text          0x0000000140002b60        0x0 D:/MSYS2/ucrt64/bin/../lib/gcc/x86_64-w64-mingw32/15.2.0/../../../../lib/libmsvcrt.a(libapi-ms-win-crt-private-l1-1-0t.o)
 .text          0x0000000140002b60        0x8 D:/MSYS2/ucrt64/bin/../lib/gcc/x86_64-w64-mingw32/15.2.0/../../../../lib/libmsvcrt.a(libapi-ms-win-crt-math-l1-1-0s00009.o)
                0x0000000140002b60                __setusermatherr
 *fill*         0x0000000140002b68        0x8 
 .text          0x0000000140002b70        0x0 D:/MSYS2/ucrt64/bin/../lib/gcc/x86_64-w64-mingw32/15.2.0/../../../../lib/libmsvcrt.a(libapi-ms-win-crt-math-l1-1-0h.o)
 .text          0x0000000140002b70        0x0 D:/MSYS2/ucrt64/bin/../lib/gcc/x86_64-w64-mingw32/15.2.0/../../../../lib/libmsvcrt.a(libapi-ms-win-crt-math-l1-1-0t.o)
 .text          0x0000000140002b70        0x8 D:/MSYS2/ucrt64/bin/../lib/gcc/x86_64-w64-mingw32/15.2.0/../../../../lib/libmsvcrt.a(libapi-ms-win-crt-locale-l1-1-0s00009.o)
                0x0000000140002b70                _configthreadlocale
 *fill*         0x0000000140002b78        0x8 
 .text          0x0000000140002b80        0x0 D:/MSYS2/ucrt64/bin/../lib/gcc/x86_64-w64-mingw32/15.2.0/../../../../lib/libmsvcrt.a(libapi-ms-win-crt-locale-l1-1-0h.o)
 .text          0x0000000140002b80        0x0 D:/MSYS2/ucrt64/bin/../lib/gcc/x86_64-w64-mingw32/15.2.0/../../../../lib/libmsvcrt.a(libapi-ms-win-crt-locale-l1-1-0t.o)
 .text          0x0000000140002b80        0x8 D:/MSYS2/ucrt64/bin/../lib/gcc/x86_64-w64-mingw32/15.2.0/../../../../lib/libmsvcrt.a(libapi-ms-win-crt-heap-l1-1-0s00023.o)
                0x0000000140002b80                _set_new_mode
 .text          0x0000000140002b88        0x8 D:/MSYS2/ucrt64/bin/../lib/gcc/x86_64-w64-mingw32/15.2.0/../../../../lib/libmsvcrt.a(libapi-ms-win-crt-heap-l1-1-0s00024.o)
                0x0000000140002b88                calloc
 .text          0x0000000140002b90        0x8 D:/MSYS2/ucrt64/bin/../lib/gcc/x86_64-w64-mingw32/15.2.0/../../../../lib/libmsvcrt.a(libapi-ms-win-crt-heap-l1-1-0s00025.o)
                0x0000000140002b90                free
 .text          0x0000000140002b98        0x8 D:/MSYS2/ucrt64/bin/../lib/gcc/x86_64-w64-mingw32/15.2.0/../../../../lib/libmsvcrt.a(libapi-ms-win-crt-heap-l1-1-0s00026.o)
                0x0000000140002b98                malloc
 .text          0x0000000140002ba0        0x0 D:/MSYS2/ucrt64/bin/../lib/gcc/x86_64-w64-mingw32/15.2.0/../../../../lib/libmsvcrt.a(libapi-ms-win-crt-heap-l1-1-0h.o)
 .text          0x0000000140002ba0        0x0 D:/MSYS2/ucrt64/bin/../lib/gcc/x86_64-w64-mingw32/15.2.0/../../../../lib/libmsvcrt.a(libapi-ms-win-crt-heap-l1-1-0t.o)
 .text          0x0000000140002ba0        0x8 D:/MSYS2/ucrt64/bin/../lib/gcc/x86_64-w64-mingw32/15.2.0/../../../../lib/libmsvcrt.a(libapi-ms-win-crt-environment-l1-1-0s00000.o)
                0x0000000140002ba0                __p__environ
 *fill*         0x0000000140002ba8        0x8 
 .text          0x0000000140002bb0        0x0 D:/MSYS2/ucrt64/bin/../lib/gcc/x86_64-w64-mingw32/15.2.0/../../../../lib/libmsvcrt.a(libapi-ms-win-crt-environment-l1-1-0h.o)
 .text          0x0000000140002bb0        0x0 D:/MSYS2/ucrt64/bin/../lib/gcc/x86_64-w64-mingw32/15.2.0/../../../../lib/libmsvcrt.a(libapi-ms-win-crt-environment-l1-1-0t.o)
 .text          0x0000000140002bb0        0x0 D:/MSYS2/ucrt64/bin/../lib/gcc/x86_64-w64-mingw32/15.2.0/../../../../lib/libmsvcrt.a(lib64_libucrt_extra_a-__initenv.o)
 .text          0x0000000140002bb0        0x8 D:/MSYS2/ucrt64/bin/../lib/gcc/x86_64-w64-mingw32/15.2.0/../../../../lib/libkernel32.a(libkernel32s01535.o)
                0x0000000140002bb0                VirtualQuery
 .text          0x0000000140002bb8        0x8 D:/MSYS2/ucrt64/bin/../lib/gcc/x86_64-w64-mingw32/15.2.0/../../../../lib/libkernel32.a(libkernel32s01533.o)
                0x0000000140002bb8                VirtualProtect
 .text          0x0000000140002bc0        0x8 D:/MSYS2/ucrt64/bin/../lib/gcc/x86_64-w64-mingw32/15.2.0/../../../../lib/libkernel32.a(libkernel32s01485.o)
                0x0000000140002bc0                TlsGetValue
 .text          0x0000000140002bc8        0x8 D:/MSYS2/ucrt64/bin/../lib/gcc/x86_64-w64-mingw32/15.2.0/../../../../lib/libkernel32.a(libkernel32s01449.o)
                0x0000000140002bc8                Sleep
 .text          0x0000000140002bd0        0x8 D:/MSYS2/ucrt64/bin/../lib/gcc/x86_64-w64-mingw32/15.2.0/../../../../lib/libkernel32.a(libkernel32s01433.o)
                0x0000000140002bd0                SetUnhandledExceptionFilter
 .text          0x0000000140002bd8        0x8 D:/MSYS2/ucrt64/bin/../lib/gcc/x86_64-w64-mingw32/15.2.0/../../../../lib/libkernel32.a(libkernel32s01012.o)
                0x0000000140002bd8                LeaveCriticalSection
 .text          0x0000000140002be0        0x8 D:/MSYS2/ucrt64/bin/../lib/gcc/x86_64-w64-mingw32/15.2.0/../../../../lib/libkernel32.a(libkernel32s00918.o)
                0x0000000140002be0                InitializeCriticalSection
 .text          0x0000000140002be8        0x8 D:/MSYS2/ucrt64/bin/../lib/gcc/x86_64-w64-mingw32/15.2.0/../../../../lib/libkernel32.a(libkernel32s00648.o)
                0x0000000140002be8                GetLastError
 .text          0x0000000140002bf0        0x8 D:/MSYS2/ucrt64/bin/../lib/gcc/x86_64-w64-mingw32/15.2.0/../../../../lib/libkernel32.a(libkernel32s00333.o)
                0x0000000140002bf0                EnterCriticalSection
 .text          0x0000000140002bf8        0x8 D:/MSYS2/ucrt64/bin/../lib/gcc/x86_64-w64-mingw32/15.2.0/../../../../lib/libkernel32.a(libkernel32s00295.o)
                0x0000000140002bf8                DeleteCriticalSection
 .text          0x0000000140002c00        0x0 D:/MSYS2/ucrt64/bin/../lib/gcc/x86_64-w64-mingw32/15.2.0/../../../../lib/libkernel32.a(libkernel32h.o)
 .text          0x0000000140002c00        0x0 D:/MSYS2/ucrt64/bin/../lib/gcc/x86_64-w64-mingw32/15.2.0/../../../../lib/libkernel32.a(libkernel32t.o)
 .text          0x0000000140002c00        0x0 D:/MSYS2/ucrt64/bin/../lib/gcc/x86_64-w64-mingw32/15.2.0/crtend.o
 *(SORT_BY_NAME(.text$*))
 .text$_ZN5Eigen15PlainObjectBaseINS_6MatrixIdLin1ELin1ELi0ELin1ELin1EEEE6resizeExx
                0x0000000140002c00       0x70 build/./main.o
                0x0000000140002c00                Eigen::PlainObjectBase<Eigen::Matrix<double, -1, -1, 0, -1, -1> >::resize(long long, long long)
 .text$_ZN5Eigen16CommaInitializerINS_6MatrixIdLin1ELin1ELi0ELin1ELin1EEEE8finishedEv
                0x0000000140002c70       0x50 build/./main.o
                0x0000000140002c70                Eigen::CommaInitializer<Eigen::Matrix<double, -1, -1, 0, -1, -1> >::finished()
 .text$_ZN5Eigen16CommaInitializerINS_6MatrixIdLin1ELin1ELi0ELin1ELin1EEEEC1ERS2_RKd
                0x0000000140002cc0       0x60 build/./main.o
                0x0000000140002cc0                Eigen::CommaInitializer<Eigen::Matrix<double, -1, -1, 0, -1, -1> >::CommaInitializer(Eigen::Matrix<double, -1, -1, 0, -1, -1>&, double const&)
 .text$_ZN5Eigen16CommaInitializerINS_6MatrixIdLin1ELin1ELi0ELin1ELin1EEEEcmERKd
                0x0000000140002d20       0xc0 build/./main.o
                0x0000000140002d20                Eigen::CommaInitializer<Eigen::Matrix<double, -1, -1, 0, -1, -1> >::operator,(double const&)
 .text$_ZN5Eigen6MatrixIdLin1ELin1ELi0ELin1ELin1EEC1IiiEERKT_RKT0_
                0x0000000140002de0       0x50 build/./main.o
                0x0000000140002de0                Eigen::Matrix<double, -1, -1, 0, -1, -1>::Matrix<int, int>(int const&, int const&)
 .text$_ZN5Eigen8IOFormatC1EiiRKNSt7__cxx1112basic_stringIcSt11char_traitsIcESaIcEEES8_S8_S8_S8_S8_c
                0x0000000140002e30      0x1f0 build/./main.o
                0x0000000140002e30                Eigen::IOFormat::IOFormat(int, int, std::__cxx11::basic_string<char, std::char_traits<char>, std::allocator<char> > const&, std::__cxx11::basic_string<char, std::char_traits<char>, std::allocator<char> > const&, std::__cxx11::basic_string<char, std::char_traits<char>, std::allocator<char> > const&, std::__cxx11::basic_string<char, std::char_traits<char>, std::allocator<char> > const&, std::__cxx11::basic_string<char, std::char_traits<char>, std::allocator<char> > const&, std::__cxx11::basic_string<char, std::char_traits<char>, std::allocator<char> > const&, char)
 .text$_ZN5Eigen8IOFormatD1Ev
                0x0000000140003020       0x60 build/./main.o
                0x0000000140003020                Eigen::IOFormat::~IOFormat()
 .text$_ZN5Eigen8internal12print_matrixINS_6MatrixIdLin1ELin1ELi0ELin1ELin1EEEEERSoS4_RKT_RKNS_8IOFormatE
                0x0000000140003080      0x340 build/./main.o
                0x0000000140003080                std::ostream& Eigen::internal::print_matrix<Eigen::Matrix<double, -1, -1, 0, -1, -1> >(std::ostream&, Eigen::Matrix<double, -1, -1, 0, -1, -1> const&, Eigen::IOFormat const&)
 .text$_ZN5Eigen8internal14aligned_mallocEy
                0x00000001400033c0       0x50 build/./main.o
                0x00000001400033c0                Eigen::internal::aligned_malloc(unsigned long long)
 .text$_ZN5Eigen8internal17DenseStorage_implIdLin1ELin1ELin1ELi0EE6resizeExxx
                0x0000000140003410       0x50 build/./main.o
                0x0000000140003410                Eigen::internal::DenseStorage_impl<double, -1, -1, -1, 0>::resize(long long, long long, long long)
 .text$_ZN5Eigen8internal19throw_std_bad_allocEv
                0x0000000140003460       0x50 build/./main.o
                0x0000000140003460                Eigen::internal::throw_std_bad_alloc()
 .text$_ZN5Eigen8internal28conditional_aligned_new_autoIdLb1EEEPT_y
                0x00000001400034b0       0x40 build/./main.o
                0x00000001400034b0                double* Eigen::internal::conditional_aligned_new_auto<double, true>(unsigned long long)
 .text$_ZN5EigenlsINS_6MatrixIdLin1ELin1ELi0ELin1ELin1EEEEERSoS3_RKNS_9DenseBaseIT_EE
                0x00000001400034f0      0x220 build/./main.o
                0x00000001400034f0                std::ostream& Eigen::operator<< <Eigen::Matrix<double, -1, -1, 0, -1, -1> >(std::ostream&, Eigen::DenseBase<Eigen::Matrix<double, -1, -1, 0, -1, -1> > const&)
 .text$_ZNSt7__cxx1112basic_stringIcSt11char_traitsIcESaIcEE12_M_constructILb1EEEvPKcy
                0x0000000140003710       0x60 build/./main.o
                0x0000000140003710                void std::__cxx11::basic_string<char, std::char_traits<char>, std::allocator<char> >::_M_construct<true>(char const*, unsigned long long)
 .text$_ZNSt7__cxx1112basic_stringIcSt11char_traitsIcESaIcEE12_M_constructIPKcEEvT_S8_St20forward_iterator_tag
                0x0000000140003770       0x70 build/./main.o
                0x0000000140003770                void std::__cxx11::basic_string<char, std::char_traits<char>, std::allocator<char> >::_M_construct<char const*>(char const*, char const*, std::forward_iterator_tag)
 .text$_ZNSt7__cxx1112basic_stringIcSt11char_traitsIcESaIcEEC1IS3_EEPKcRKS3_
                0x00000001400037e0       0x50 build/./main.o
                0x00000001400037e0                std::__cxx11::basic_string<char, std::char_traits<char>, std::allocator<char> >::basic_string<std::allocator<char> >(char const*, std::allocator<char> const&)
 *(.text.*)
 .text.startup  0x0000000140003830       0x10 D:/MSYS2/ucrt64/bin/../lib/gcc/x86_64-w64-mingw32/15.2.0/crtend.o
 *(.gnu.linkonce.t.*)
 *(.glue_7t)
 *(.glue_7)
                0x0000000140003840                . = ALIGN (0x8)
 *(SORT_NONE(.fini))
 *(.gcc_exc)
                [!provide]                        PROVIDE (etext = .)
 *(.gcc_except_table)

.data           0x0000000140004000      0x200
                0x0000000140004000                __data_start__ = .
 *(.data)
 .data          0x0000000140004000        0x0 D:/MSYS2/ucrt64/bin/../lib/gcc/x86_64-w64-mingw32/15.2.0/../../../../lib/crt2.o
 .data          0x0000000140004000        0x0 D:/MSYS2/ucrt64/bin/../lib/gcc/x86_64-w64-mingw32/15.2.0/crtbegin.o
 .data          0x0000000140004000        0x0 build/./main.o
 .data          0x0000000140004000        0x0 build/./printer/printer.o
 .data          0x0000000140004000       0x10 D:/MSYS2/ucrt64/bin/../lib/gcc/x86_64-w64-mingw32/15.2.0/../../../../lib/libmingw32.a(lib64_libmingw32_a-gccmain.o)
 .data          0x0000000140004010       0x10 D:/MSYS2/ucrt64/bin/../lib/gcc/x86_64-w64-mingw32/15.2.0/../../../../lib/libmingw32.a(lib64_libmingw32_a-natstart.o)
                0x0000000140004010                __native_vcclrit_reason
                0x0000000140004014                __native_dllmain_reason
 .data          0x0000000140004020        0x0 D:/MSYS2/ucrt64/bin/../lib/gcc/x86_64-w64-mingw32/15.2.0/../../../../lib/libmingw32.a(lib64_libmingw32_a-wildcard.o)
 .data          0x0000000140004020        0x0 D:/MSYS2/ucrt64/bin/../lib/gcc/x86_64-w64-mingw32/15.2.0/../../../../lib/libmingw32.a(lib64_libmingw32_a-dllargv.o)
 .data          0x0000000140004020        0x0 D:/MSYS2/ucrt64/bin/../lib/gcc/x86_64-w64-mingw32/15.2.0/../../../../lib/libmingw32.a(lib64_libmingw32_a-_newmode.o)
 .data          0x0000000140004020        0x0 D:/MSYS2/ucrt64/bin/../lib/gcc/x86_64-w64-mingw32/15.2.0/../../../../lib/libmingw32.a(lib64_libmingw32_a-tlssup.o)
 .data          0x0000000140004020        0x0 D:/MSYS2/ucrt64/bin/../lib/gcc/x86_64-w64-mingw32/15.2.0/../../../../lib/libmingw32.a(lib64_libmingw32_a-xncommod.o)
 .data          0x0000000140004020        0x0 D:/MSYS2/ucrt64/bin/../lib/gcc/x86_64-w64-mingw32/15.2.0/../../../../lib/libmingw32.a(lib64_libmingw32_a-cinitexe.o)
 .data          0x0000000140004020        0x0 D:/MSYS2/ucrt64/bin/../lib/gcc/x86_64-w64-mingw32/15.2.0/../../../../lib/libmingw32.a(lib64_libmingw32_a-merr.o)
 .data          0x0000000140004020       0x10 D:/MSYS2/ucrt64/bin/../lib/gcc/x86_64-w64-mingw32/15.2.0/../../../../lib/libmingw32.a(lib64_libmingw32_a-xthdloc.o)
                0x0000000140004020                __globallocalestatus
 .data          0x0000000140004030        0x0 D:/MSYS2/ucrt64/bin/../lib/gcc/x86_64-w64-mingw32/15.2.0/../../../../lib/libmingw32.a(lib64_libmingw32_a-mingw_helpers.o)
 .data          0x0000000140004030        0x0 D:/MSYS2/ucrt64/bin/../lib/gcc/x86_64-w64-mingw32/15.2.0/../../../../lib/libmingw32.a(lib64_libmingw32_a-pseudo-reloc.o)
 .data          0x0000000140004030        0x0 D:/MSYS2/ucrt64/bin/../lib/gcc/x86_64-w64-mingw32/15.2.0/../../../../lib/libmingw32.a(lib64_libmingw32_a-usermatherr.o)
 .data          0x0000000140004030        0x0 D:/MSYS2/ucrt64/bin/../lib/gcc/x86_64-w64-mingw32/15.2.0/../../../../lib/libmingw32.a(lib64_libmingw32_a-xtxtmode.o)
 .data          0x0000000140004030        0x0 D:/MSYS2/ucrt64/bin/../lib/gcc/x86_64-w64-mingw32/15.2.0/../../../../lib/libmingw32.a(lib64_libmingw32_a-crt_handler.o)
 .data          0x0000000140004030        0x0 D:/MSYS2/ucrt64/bin/../lib/gcc/x86_64-w64-mingw32/15.2.0/../../../../lib/libmingw32.a(lib64_libmingw32_a-tlsthrd.o)
 .data          0x0000000140004030       0x10 D:/MSYS2/ucrt64/bin/../lib/gcc/x86_64-w64-mingw32/15.2.0/../../../../lib/libmingw32.a(lib64_libmingw32_a-tlsmcrt.o)
                0x0000000140004030                _CRT_MT
 .data          0x0000000140004040        0x0 D:/MSYS2/ucrt64/bin/../lib/gcc/x86_64-w64-mingw32/15.2.0/../../../../lib/libmingw32.a(lib64_libmingw32_a-CRT_fp10.o)
 .data          0x0000000140004040        0x0 D:/MSYS2/ucrt64/bin/../lib/gcc/x86_64-w64-mingw32/15.2.0/../../../../lib/libmingw32.a(lib64_libmingw32_a-pseudo-reloc-list.o)
 .data          0x0000000140004040        0x0 D:/MSYS2/ucrt64/bin/../lib/gcc/x86_64-w64-mingw32/15.2.0/../../../../lib/libmingw32.a(lib64_libmingw32_a-pesect.o)
 .data          0x0000000140004040        0x0 D:/MSYS2/ucrt64/bin/../lib/gcc/x86_64-w64-mingw32/15.2.0/libgcc.a(_chkstk_ms.o)
 .data          0x0000000140004040        0x0 D:/MSYS2/ucrt64/bin/../lib/gcc/x86_64-w64-mingw32/15.2.0/libgcc.a(_ctors.o)
 .data          0x0000000140004040       0x10 D:/MSYS2/ucrt64/bin/../lib/gcc/x86_64-w64-mingw32/15.2.0/../../../../lib/libmingwex.a(lib64_libmingwex_a-mingw_matherr.o)
                0x0000000140004040                _MINGW_INSTALL_DEBUG_MATHERR
 .data          0x0000000140004050        0x0 D:/MSYS2/ucrt64/bin/../lib/gcc/x86_64-w64-mingw32/15.2.0/../../../../lib/libmsvcrt.a(lib64_libucrt_extra_a-ucrt_vfprintf.o)
 .data          0x0000000140004050        0x0 D:/MSYS2/ucrt64/bin/../lib/gcc/x86_64-w64-mingw32/15.2.0/../../../../lib/libmsvcrt.a(lib64_libucrt_extra_a-ucrt_fprintf.o)
 .data          0x0000000140004050       0x10 D:/MSYS2/ucrt64/bin/../lib/gcc/x86_64-w64-mingw32/15.2.0/../../../../lib/libmsvcrt.a(lib64_libucrt_extra_a-ucrt___local_stdio_printf_options.o)
 .data          0x0000000140004060       0x10 D:/MSYS2/ucrt64/bin/../lib/gcc/x86_64-w64-mingw32/15.2.0/../../../../lib/libmsvcrt.a(lib64_libucrt_extra_a-__p___initenv.o)
                0x0000000140004060                __imp___p___initenv
 .data          0x0000000140004070       0x10 D:/MSYS2/ucrt64/bin/../lib/gcc/x86_64-w64-mingw32/15.2.0/../../../../lib/libmsvcrt.a(lib64_libucrt_extra_a-ucrt_amsg_exit.o)
                0x0000000140004070                __imp__amsg_exit
 .data          0x0000000140004080       0x10 D:/MSYS2/ucrt64/bin/../lib/gcc/x86_64-w64-mingw32/15.2.0/../../../../lib/libmsvcrt.a(lib64_libucrt_extra_a-ucrt__getmainargs.o)
                0x0000000140004080                __imp___getmainargs
 .data          0x0000000140004090        0x0 D:/MSYS2/ucrt64/bin/../lib/gcc/x86_64-w64-mingw32/15.2.0/../../../../lib/libmsvcrt.a(libapi-ms-win-crt-string-l1-1-0s00167.o)
 .data          0x0000000140004090        0x0 D:/MSYS2/ucrt64/bin/../lib/gcc/x86_64-w64-mingw32/15.2.0/../../../../lib/libmsvcrt.a(libapi-ms-win-crt-string-l1-1-0s00170.o)
 .data          0x0000000140004090        0x0 D:/MSYS2/ucrt64/bin/../lib/gcc/x86_64-w64-mingw32/15.2.0/../../../../lib/libmsvcrt.a(libapi-ms-win-crt-string-l1-1-0h.o)
 .data          0x0000000140004090        0x0 D:/MSYS2/ucrt64/bin/../lib/gcc/x86_64-w64-mingw32/15.2.0/../../../../lib/libmsvcrt.a(libapi-ms-win-crt-string-l1-1-0t.o)
 .data          0x0000000140004090        0x0 D:/MSYS2/ucrt64/bin/../lib/gcc/x86_64-w64-mingw32/15.2.0/../../../../lib/libmsvcrt.a(libapi-ms-win-crt-stdio-l1-1-0s00000.o)
 .data          0x0000000140004090        0x0 D:/MSYS2/ucrt64/bin/../lib/gcc/x86_64-w64-mingw32/15.2.0/../../../../lib/libmsvcrt.a(libapi-ms-win-crt-stdio-l1-1-0s00001.o)
 .data          0x0000000140004090        0x0 D:/MSYS2/ucrt64/bin/../lib/gcc/x86_64-w64-mingw32/15.2.0/../../../../lib/libmsvcrt.a(libapi-ms-win-crt-stdio-l1-1-0s00002.o)
 .data          0x0000000140004090        0x0 D:/MSYS2/ucrt64/bin/../lib/gcc/x86_64-w64-mingw32/15.2.0/../../../../lib/libmsvcrt.a(libapi-ms-win-crt-stdio-l1-1-0s00003.o)
 .data          0x0000000140004090        0x0 D:/MSYS2/ucrt64/bin/../lib/gcc/x86_64-w64-mingw32/15.2.0/../../../../lib/libmsvcrt.a(libapi-ms-win-crt-stdio-l1-1-0s00182.o)
 .data          0x0000000140004090        0x0 D:/MSYS2/ucrt64/bin/../lib/gcc/x86_64-w64-mingw32/15.2.0/../../../../lib/libmsvcrt.a(libapi-ms-win-crt-stdio-l1-1-0h.o)
 .data          0x0000000140004090        0x0 D:/MSYS2/ucrt64/bin/../lib/gcc/x86_64-w64-mingw32/15.2.0/../../../../lib/libmsvcrt.a(libapi-ms-win-crt-stdio-l1-1-0t.o)
 .data          0x0000000140004090        0x0 D:/MSYS2/ucrt64/bin/../lib/gcc/x86_64-w64-mingw32/15.2.0/../../../../lib/libmsvcrt.a(libapi-ms-win-crt-runtime-l1-1-0s00004.o)
 .data          0x0000000140004090        0x0 D:/MSYS2/ucrt64/bin/../lib/gcc/x86_64-w64-mingw32/15.2.0/../../../../lib/libmsvcrt.a(libapi-ms-win-crt-runtime-l1-1-0s00005.o)
 .data          0x0000000140004090        0x0 D:/MSYS2/ucrt64/bin/../lib/gcc/x86_64-w64-mingw32/15.2.0/../../../../lib/libmsvcrt.a(libapi-ms-win-crt-runtime-l1-1-0s00018.o)
 .data          0x0000000140004090        0x0 D:/MSYS2/ucrt64/bin/../lib/gcc/x86_64-w64-mingw32/15.2.0/../../../../lib/libmsvcrt.a(libapi-ms-win-crt-runtime-l1-1-0s00022.o)
 .data          0x0000000140004090        0x0 D:/MSYS2/ucrt64/bin/../lib/gcc/x86_64-w64-mingw32/15.2.0/../../../../lib/libmsvcrt.a(libapi-ms-win-crt-runtime-l1-1-0s00024.o)
 .data          0x0000000140004090        0x0 D:/MSYS2/ucrt64/bin/../lib/gcc/x86_64-w64-mingw32/15.2.0/../../../../lib/libmsvcrt.a(libapi-ms-win-crt-runtime-l1-1-0s00030.o)
 .data          0x0000000140004090        0x0 D:/MSYS2/ucrt64/bin/../lib/gcc/x86_64-w64-mingw32/15.2.0/../../../../lib/libmsvcrt.a(libapi-ms-win-crt-runtime-l1-1-0s00035.o)
 .data          0x0000000140004090        0x0 D:/MSYS2/ucrt64/bin/../lib/gcc/x86_64-w64-mingw32/15.2.0/../../../../lib/libmsvcrt.a(libapi-ms-win-crt-runtime-l1-1-0s00051.o)
 .data          0x0000000140004090        0x0 D:/MSYS2/ucrt64/bin/../lib/gcc/x86_64-w64-mingw32/15.2.0/../../../../lib/libmsvcrt.a(libapi-ms-win-crt-runtime-l1-1-0s00054.o)
 .data          0x0000000140004090        0x0 D:/MSYS2/ucrt64/bin/../lib/gcc/x86_64-w64-mingw32/15.2.0/../../../../lib/libmsvcrt.a(libapi-ms-win-crt-runtime-l1-1-0s00056.o)
 .data          0x0000000140004090        0x0 D:/MSYS2/ucrt64/bin/../lib/gcc/x86_64-w64-mingw32/15.2.0/../../../../lib/libmsvcrt.a(libapi-ms-win-crt-runtime-l1-1-0s00057.o)
 .data          0x0000000140004090        0x0 D:/MSYS2/ucrt64/bin/../lib/gcc/x86_64-w64-mingw32/15.2.0/../../../../lib/libmsvcrt.a(libapi-ms-win-crt-runtime-l1-1-0s00073.o)
 .data          0x0000000140004090        0x0 D:/MSYS2/ucrt64/bin/../lib/gcc/x86_64-w64-mingw32/15.2.0/../../../../lib/libmsvcrt.a(libapi-ms-win-crt-runtime-l1-1-0s00086.o)
 .data          0x0000000140004090        0x0 D:/MSYS2/ucrt64/bin/../lib/gcc/x86_64-w64-mingw32/15.2.0/../../../../lib/libmsvcrt.a(libapi-ms-win-crt-runtime-l1-1-0s00087.o)
 .data          0x0000000140004090        0x0 D:/MSYS2/ucrt64/bin/../lib/gcc/x86_64-w64-mingw32/15.2.0/../../../../lib/libmsvcrt.a(libapi-ms-win-crt-runtime-l1-1-0s00101.o)
 .data          0x0000000140004090        0x0 D:/MSYS2/ucrt64/bin/../lib/gcc/x86_64-w64-mingw32/15.2.0/../../../../lib/libmsvcrt.a(libapi-ms-win-crt-runtime-l1-1-0h.o)
 .data          0x0000000140004090        0x0 D:/MSYS2/ucrt64/bin/../lib/gcc/x86_64-w64-mingw32/15.2.0/../../../../lib/libmsvcrt.a(libapi-ms-win-crt-runtime-l1-1-0t.o)
 .data          0x0000000140004090        0x0 D:/MSYS2/ucrt64/bin/../lib/gcc/x86_64-w64-mingw32/15.2.0/../../../../lib/libmsvcrt.a(libapi-ms-win-crt-private-l1-1-0s00012.o)
 .data          0x0000000140004090        0x0 D:/MSYS2/ucrt64/bin/../lib/gcc/x86_64-w64-mingw32/15.2.0/../../../../lib/libmsvcrt.a(libapi-ms-win-crt-private-l1-1-0s01088.o)
 .data          0x0000000140004090        0x0 D:/MSYS2/ucrt64/bin/../lib/gcc/x86_64-w64-mingw32/15.2.0/../../../../lib/libmsvcrt.a(libapi-ms-win-crt-private-l1-1-0h.o)
 .data          0x0000000140004090        0x0 D:/MSYS2/ucrt64/bin/../lib/gcc/x86_64-w64-mingw32/15.2.0/../../../../lib/libmsvcrt.a(libapi-ms-win-crt-private-l1-1-0t.o)
 .data          0x0000000140004090        0x0 D:/MSYS2/ucrt64/bin/../lib/gcc/x86_64-w64-mingw32/15.2.0/../../../../lib/libmsvcrt.a(libapi-ms-win-crt-math-l1-1-0s00009.o)
 .data          0x0000000140004090        0x0 D:/MSYS2/ucrt64/bin/../lib/gcc/x86_64-w64-mingw32/15.2.0/../../../../lib/libmsvcrt.a(libapi-ms-win-crt-math-l1-1-0h.o)
 .data          0x0000000140004090        0x0 D:/MSYS2/ucrt64/bin/../lib/gcc/x86_64-w64-mingw32/15.2.0/../../../../lib/libmsvcrt.a(libapi-ms-win-crt-math-l1-1-0t.o)
 .data          0x0000000140004090        0x0 D:/MSYS2/ucrt64/bin/../lib/gcc/x86_64-w64-mingw32/15.2.0/../../../../lib/libmsvcrt.a(libapi-ms-win-crt-locale-l1-1-0s00009.o)
 .data          0x0000000140004090        0x0 D:/MSYS2/ucrt64/bin/../lib/gcc/x86_64-w64-mingw32/15.2.0/../../../../lib/libmsvcrt.a(libapi-ms-win-crt-locale-l1-1-0h.o)
 .data          0x0000000140004090        0x0 D:/MSYS2/ucrt64/bin/../lib/gcc/x86_64-w64-mingw32/15.2.0/../../../../lib/libmsvcrt.a(libapi-ms-win-crt-locale-l1-1-0t.o)
 .data          0x0000000140004090        0x0 D:/MSYS2/ucrt64/bin/../lib/gcc/x86_64-w64-mingw32/15.2.0/../../../../lib/libmsvcrt.a(libapi-ms-win-crt-heap-l1-1-0s00023.o)
 .data          0x0000000140004090        0x0 D:/MSYS2/ucrt64/bin/../lib/gcc/x86_64-w64-mingw32/15.2.0/../../../../lib/libmsvcrt.a(libapi-ms-win-crt-heap-l1-1-0s00024.o)
 .data          0x0000000140004090        0x0 D:/MSYS2/ucrt64/bin/../lib/gcc/x86_64-w64-mingw32/15.2.0/../../../../lib/libmsvcrt.a(libapi-ms-win-crt-heap-l1-1-0s00025.o)
 .data          0x0000000140004090        0x0 D:/MSYS2/ucrt64/bin/../lib/gcc/x86_64-w64-mingw32/15.2.0/../../../../lib/libmsvcrt.a(libapi-ms-win-crt-heap-l1-1-0s00026.o)
 .data          0x0000000140004090        0x0 D:/MSYS2/ucrt64/bin/../lib/gcc/x86_64-w64-mingw32/15.2.0/../../../../lib/libmsvcrt.a(libapi-ms-win-crt-heap-l1-1-0h.o)
 .data          0x0000000140004090        0x0 D:/MSYS2/ucrt64/bin/../lib/gcc/x86_64-w64-mingw32/15.2.0/../../../../lib/libmsvcrt.a(libapi-ms-win-crt-heap-l1-1-0t.o)
 .data          0x0000000140004090        0x0 D:/MSYS2/ucrt64/bin/../lib/gcc/x86_64-w64-mingw32/15.2.0/../../../../lib/libmsvcrt.a(libapi-ms-win-crt-environment-l1-1-0s00000.o)
 .data          0x0000000140004090        0x0 D:/MSYS2/ucrt64/bin/../lib/gcc/x86_64-w64-mingw32/15.2.0/../../../../lib/libmsvcrt.a(libapi-ms-win-crt-environment-l1-1-0h.o)
 .data          0x0000000140004090        0x0 D:/MSYS2/ucrt64/bin/../lib/gcc/x86_64-w64-mingw32/15.2.0/../../../../lib/libmsvcrt.a(libapi-ms-win-crt-environment-l1-1-0t.o)
 .data          0x0000000140004090       0x10 D:/MSYS2/ucrt64/bin/../lib/gcc/x86_64-w64-mingw32/15.2.0/../../../../lib/libmsvcrt.a(lib64_libucrt_extra_a-__initenv.o)
                0x0000000140004090                __imp___initenv
 .data          0x00000001400040a0        0x0 D:/MSYS2/ucrt64/bin/../lib/gcc/x86_64-w64-mingw32/15.2.0/../../../../lib/libkernel32.a(libkernel32s01535.o)
 .data          0x00000001400040a0        0x0 D:/MSYS2/ucrt64/bin/../lib/gcc/x86_64-w64-mingw32/15.2.0/../../../../lib/libkernel32.a(libkernel32s01533.o)
 .data          0x00000001400040a0        0x0 D:/MSYS2/ucrt64/bin/../lib/gcc/x86_64-w64-mingw32/15.2.0/../../../../lib/libkernel32.a(libkernel32s01485.o)
 .data          0x00000001400040a0        0x0 D:/MSYS2/ucrt64/bin/../lib/gcc/x86_64-w64-mingw32/15.2.0/../../../../lib/libkernel32.a(libkernel32s01449.o)
 .data          0x00000001400040a0        0x0 D:/MSYS2/ucrt64/bin/../lib/gcc/x86_64-w64-mingw32/15.2.0/../../../../lib/libkernel32.a(libkernel32s01433.o)
 .data          0x00000001400040a0        0x0 D:/MSYS2/ucrt64/bin/../lib/gcc/x86_64-w64-mingw32/15.2.0/../../../../lib/libkernel32.a(libkernel32s01012.o)
 .data          0x00000001400040a0        0x0 D:/MSYS2/ucrt64/bin/../lib/gcc/x86_64-w64-mingw32/15.2.0/../../../../lib/libkernel32.a(libkernel32s00918.o)
 .data          0x00000001400040a0        0x0 D:/MSYS2/ucrt64/bin/../lib/gcc/x86_64-w64-mingw32/15.2.0/../../../../lib/libkernel32.a(libkernel32s00648.o)
 .data          0x00000001400040a0        0x0 D:/MSYS2/ucrt64/bin/../lib/gcc/x86_64-w64-mingw32/15.2.0/../../../../lib/libkernel32.a(libkernel32s00333.o)
 .data          0x00000001400040a0        0x0 D:/MSYS2/ucrt64/bin/../lib/gcc/x86_64-w64-mingw32/15.2.0/../../../../lib/libkernel32.a(libkernel32s00295.o)
 .data          0x00000001400040a0        0x0 D:/MSYS2/ucrt64/bin/../lib/gcc/x86_64-w64-mingw32/15.2.0/../../../../lib/libkernel32.a(libkernel32h.o)
 .data          0x00000001400040a0        0x0 D:/MSYS2/ucrt64/bin/../lib/gcc/x86_64-w64-mingw32/15.2.0/../../../../lib/libkernel32.a(libkernel32t.o)
 .data          0x00000001400040a0        0x0 D:/MSYS2/ucrt64/bin/../lib/gcc/x86_64-w64-mingw32/15.2.0/crtend.o
 *(.data2)
 *(SORT_BY_NAME(.data$*))
 *(.jcr)
                0x00000001400040a0                __data_end__ = .
 *(.data_cygwin_nocopy)

.rdata          0x0000000140005000     0x1400
 *(.rdata)
 .rdata         0x0000000140005000      0x630 build/./main.o
 *fill*         0x0000000140005630       0x10 
 .rdata         0x0000000140005640       0x60 D:/MSYS2/ucrt64/bin/../lib/gcc/x86_64-w64-mingw32/15.2.0/../../../../lib/libmingw32.a(lib64_libmingw32_a-tlssup.o)
                0x0000000140005640                __dyn_tls_init_callback
                0x0000000140005660                _tls_used
 .rdata         0x00000001400056a0      0x140 D:/MSYS2/ucrt64/bin/../lib/gcc/x86_64-w64-mingw32/15.2.0/../../../../lib/libmingw32.a(lib64_libmingw32_a-merr.o)
 .rdata         0x00000001400057e0      0x160 D:/MSYS2/ucrt64/bin/../lib/gcc/x86_64-w64-mingw32/15.2.0/../../../../lib/libmingw32.a(lib64_libmingw32_a-pseudo-reloc.o)
 .rdata         0x0000000140005940       0x30 D:/MSYS2/ucrt64/bin/../lib/gcc/x86_64-w64-mingw32/15.2.0/../../../../lib/libmingw32.a(lib64_libmingw32_a-crt_handler.o)
 .rdata         0x0000000140005970       0x20 D:/MSYS2/ucrt64/bin/../lib/gcc/x86_64-w64-mingw32/15.2.0/../../../../lib/libmsvcrt.a(lib64_libucrt_extra_a-ucrt_amsg_exit.o)
 .rdata         0x0000000140005990        0x8 test_exe_ertr000001.o
 *(SORT_BY_NAME(.rdata$*))
 *fill*         0x0000000140005998        0x8 
 .rdata$.refptr._CRT_MT
                0x00000001400059a0       0x10 D:/MSYS2/ucrt64/bin/../lib/gcc/x86_64-w64-mingw32/15.2.0/../../../../lib/libmingw32.a(lib64_libmingw32_a-tlssup.o)
                0x00000001400059a0                .refptr._CRT_MT
 .rdata$.refptr._MINGW_INSTALL_DEBUG_MATHERR
                0x00000001400059b0       0x10 D:/MSYS2/ucrt64/bin/../lib/gcc/x86_64-w64-mingw32/15.2.0/../../../../lib/crt2.o
                0x00000001400059b0                .refptr._MINGW_INSTALL_DEBUG_MATHERR
 .rdata$.refptr._ZNSt9bad_allocD1Ev
                0x00000001400059c0       0x10 build/./main.o
                0x00000001400059c0                .refptr._ZNSt9bad_allocD1Ev
 .rdata$.refptr._ZSt4cout
                0x00000001400059d0       0x10 build/./main.o
                0x00000001400059d0                __fu2__ZSt4cout
                0x00000001400059d0                .refptr._ZSt4cout
 .rdata$.refptr._ZTVSt9bad_alloc
                0x00000001400059e0       0x10 build/./main.o
                0x00000001400059e0                __fu3__ZTVSt9bad_alloc
                0x00000001400059e0                .refptr._ZTVSt9bad_alloc
 .rdata$.refptr._ZTVSt9exception
                0x00000001400059f0       0x10 build/./main.o
                0x00000001400059f0                __fu4__ZTVSt9exception
                0x00000001400059f0                .refptr._ZTVSt9exception
 .rdata$.refptr.__CTOR_LIST__
                0x0000000140005a00       0x10 D:/MSYS2/ucrt64/bin/../lib/gcc/x86_64-w64-mingw32/15.2.0/../../../../lib/libmingw32.a(lib64_libmingw32_a-gccmain.o)
                0x0000000140005a00                .refptr.__CTOR_LIST__
 .rdata$.refptr.__ImageBase
                0x0000000140005a10       0x10 D:/MSYS2/ucrt64/bin/../lib/gcc/x86_64-w64-mingw32/15.2.0/../../../../lib/crt2.o
                0x0000000140005a10                .refptr.__ImageBase
 .rdata$.refptr.__RUNTIME_PSEUDO_RELOC_LIST_END__
                0x0000000140005a20       0x10 D:/MSYS2/ucrt64/bin/../lib/gcc/x86_64-w64-mingw32/15.2.0/../../../../lib/libmingw32.a(lib64_libmingw32_a-pseudo-reloc.o)
                0x0000000140005a20                .refptr.__RUNTIME_PSEUDO_RELOC_LIST_END__
 .rdata$.refptr.__RUNTIME_PSEUDO_RELOC_LIST__
                0x0000000140005a30       0x10 D:/MSYS2/ucrt64/bin/../lib/gcc/x86_64-w64-mingw32/15.2.0/../../../../lib/libmingw32.a(lib64_libmingw32_a-pseudo-reloc.o)
                0x0000000140005a30                .refptr.__RUNTIME_PSEUDO_RELOC_LIST__
 .rdata$.refptr.__dyn_tls_init_callback
                0x0000000140005a40       0x10 D:/MSYS2/ucrt64/bin/../lib/gcc/x86_64-w64-mingw32/15.2.0/../../../../lib/crt2.o
                0x0000000140005a40                .refptr.__dyn_tls_init_callback
 .rdata$.refptr.__globallocalestatus
                0x0000000140005a50       0x10 D:/MSYS2/ucrt64/bin/../lib/gcc/x86_64-w64-mingw32/15.2.0/../../../../lib/crt2.o
                0x0000000140005a50                .refptr.__globallocalestatus
 .rdata$.refptr.__imp___initenv
                0x0000000140005a60       0x10 D:/MSYS2/ucrt64/bin/../lib/gcc/x86_64-w64-mingw32/15.2.0/../../../../lib/libmsvcrt.a(lib64_libucrt_extra_a-__p___initenv.o)
                0x0000000140005a60                .refptr.__imp___initenv
 .rdata$.refptr.__mingw_app_type
                0x0000000140005a70       0x10 D:/MSYS2/ucrt64/bin/../lib/gcc/x86_64-w64-mingw32/15.2.0/../../../../lib/crt2.o
                0x0000000140005a70                .refptr.__mingw_app_type
 .rdata$.refptr.__mingw_initltsdrot_force
                0x0000000140005a80       0x10 D:/MSYS2/ucrt64/bin/../lib/gcc/x86_64-w64-mingw32/15.2.0/../../../../lib/crt2.o
                0x0000000140005a80                .refptr.__mingw_initltsdrot_force
 .rdata$.refptr.__mingw_initltsdyn_force
                0x0000000140005a90       0x10 D:/MSYS2/ucrt64/bin/../lib/gcc/x86_64-w64-mingw32/15.2.0/../../../../lib/crt2.o
                0x0000000140005a90                .refptr.__mingw_initltsdyn_force
 .rdata$.refptr.__mingw_initltssuo_force
                0x0000000140005aa0       0x10 D:/MSYS2/ucrt64/bin/../lib/gcc/x86_64-w64-mingw32/15.2.0/../../../../lib/crt2.o
                0x0000000140005aa0                .refptr.__mingw_initltssuo_force
 .rdata$.refptr.__mingw_oldexcpt_handler
                0x0000000140005ab0       0x10 D:/MSYS2/ucrt64/bin/../lib/gcc/x86_64-w64-mingw32/15.2.0/../../../../lib/crt2.o
                0x0000000140005ab0                .refptr.__mingw_oldexcpt_handler
 .rdata$.refptr.__native_startup_lock
                0x0000000140005ac0       0x10 D:/MSYS2/ucrt64/bin/../lib/gcc/x86_64-w64-mingw32/15.2.0/../../../../lib/crt2.o
                0x0000000140005ac0                .refptr.__native_startup_lock
 .rdata$.refptr.__native_startup_state
                0x0000000140005ad0       0x10 D:/MSYS2/ucrt64/bin/../lib/gcc/x86_64-w64-mingw32/15.2.0/../../../../lib/crt2.o
                0x0000000140005ad0                .refptr.__native_startup_state
 .rdata$.refptr.__xc_a
                0x0000000140005ae0       0x10 D:/MSYS2/ucrt64/bin/../lib/gcc/x86_64-w64-mingw32/15.2.0/../../../../lib/crt2.o
                0x0000000140005ae0                .refptr.__xc_a
 .rdata$.refptr.__xc_z
                0x0000000140005af0       0x10 D:/MSYS2/ucrt64/bin/../lib/gcc/x86_64-w64-mingw32/15.2.0/../../../../lib/crt2.o
                0x0000000140005af0                .refptr.__xc_z
 .rdata$.refptr.__xi_a
                0x0000000140005b00       0x10 D:/MSYS2/ucrt64/bin/../lib/gcc/x86_64-w64-mingw32/15.2.0/../../../../lib/crt2.o
                0x0000000140005b00                .refptr.__xi_a
 .rdata$.refptr.__xi_z
                0x0000000140005b10       0x10 D:/MSYS2/ucrt64/bin/../lib/gcc/x86_64-w64-mingw32/15.2.0/../../../../lib/crt2.o
                0x0000000140005b10                .refptr.__xi_z
 .rdata$.refptr._commode
                0x0000000140005b20       0x10 D:/MSYS2/ucrt64/bin/../lib/gcc/x86_64-w64-mingw32/15.2.0/../../../../lib/crt2.o
                0x0000000140005b20                .refptr._commode
 .rdata$.refptr._dowildcard
                0x0000000140005b30       0x10 D:/MSYS2/ucrt64/bin/../lib/gcc/x86_64-w64-mingw32/15.2.0/../../../../lib/crt2.o
                0x0000000140005b30                .refptr._dowildcard
 .rdata$.refptr._fmode
                0x0000000140005b40       0x10 D:/MSYS2/ucrt64/bin/../lib/gcc/x86_64-w64-mingw32/15.2.0/../../../../lib/crt2.o
                0x0000000140005b40                .refptr._fmode
 .rdata$.refptr._gnu_exception_handler
                0x0000000140005b50       0x10 D:/MSYS2/ucrt64/bin/../lib/gcc/x86_64-w64-mingw32/15.2.0/../../../../lib/crt2.o
                0x0000000140005b50                .refptr._gnu_exception_handler
 .rdata$.refptr._matherr
                0x0000000140005b60       0x10 D:/MSYS2/ucrt64/bin/../lib/gcc/x86_64-w64-mingw32/15.2.0/../../../../lib/crt2.o
                0x0000000140005b60                .refptr._matherr
 .rdata$.refptr._newmode
                0x0000000140005b70       0x10 D:/MSYS2/ucrt64/bin/../lib/gcc/x86_64-w64-mingw32/15.2.0/../../../../lib/crt2.o
                0x0000000140005b70                .refptr._newmode
 .rdata$_ZTISt9bad_alloc
                0x0000000140005b80       0x20 build/./main.o
                0x0000000140005b80                __fu1__ZTVN10__cxxabiv120__si_class_type_infoE
                0x0000000140005b80                typeinfo for std::bad_alloc
 .rdata$_ZTISt9exception
                0x0000000140005ba0       0x10 build/./main.o
                0x0000000140005ba0                __fu0__ZTVN10__cxxabiv117__class_type_infoE
                0x0000000140005ba0                typeinfo for std::exception
 .rdata$_ZTSSt9bad_alloc
                0x0000000140005bb0       0x10 build/./main.o
                0x0000000140005bb0                typeinfo name for std::bad_alloc
 .rdata$_ZTSSt9exception
                0x0000000140005bc0       0x10 build/./main.o
                0x0000000140005bc0                typeinfo name for std::exception
 .rdata$zzz     0x0000000140005bd0       0x30 D:/MSYS2/ucrt64/bin/../lib/gcc/x86_64-w64-mingw32/15.2.0/../../../../lib/crt2.o
 .rdata$zzz     0x0000000140005c00       0x30 D:/MSYS2/ucrt64/bin/../lib/gcc/x86_64-w64-mingw32/15.2.0/crtbegin.o
 .rdata$zzz     0x0000000140005c30       0x30 build/./main.o
 .rdata$zzz     0x0000000140005c60       0x30 build/./printer/printer.o
 .rdata$zzz     0x0000000140005c90       0x30 D:/MSYS2/ucrt64/bin/../lib/gcc/x86_64-w64-mingw32/15.2.0/../../../../lib/libmingw32.a(lib64_libmingw32_a-gccmain.o)
 .rdata$zzz     0x0000000140005cc0       0x30 D:/MSYS2/ucrt64/bin/../lib/gcc/x86_64-w64-mingw32/15.2.0/../../../../lib/libmingw32.a(lib64_libmingw32_a-natstart.o)
 .rdata$zzz     0x0000000140005cf0       0x30 D:/MSYS2/ucrt64/bin/../lib/gcc/x86_64-w64-mingw32/15.2.0/../../../../lib/libmingw32.a(lib64_libmingw32_a-wildcard.o)
 .rdata$zzz     0x0000000140005d20       0x30 D:/MSYS2/ucrt64/bin/../lib/gcc/x86_64-w64-mingw32/15.2.0/../../../../lib/libmingw32.a(lib64_libmingw32_a-dllargv.o)
 .rdata$zzz     0x0000000140005d50       0x30 D:/MSYS2/ucrt64/bin/../lib/gcc/x86_64-w64-mingw32/15.2.0/../../../../lib/libmingw32.a(lib64_libmingw32_a-_newmode.o)
 .rdata$zzz     0x0000000140005d80       0x30 D:/MSYS2/ucrt64/bin/../lib/gcc/x86_64-w64-mingw32/15.2.0/../../../../lib/libmingw32.a(lib64_libmingw32_a-tlssup.o)
 .rdata$zzz     0x0000000140005db0       0x30 D:/MSYS2/ucrt64/bin/../lib/gcc/x86_64-w64-mingw32/15.2.0/../../../../lib/libmingw32.a(lib64_libmingw32_a-xncommod.o)
 .rdata$zzz     0x0000000140005de0       0x30 D:/MSYS2/ucrt64/bin/../lib/gcc/x86_64-w64-mingw32/15.2.0/../../../../lib/libmingw32.a(lib64_libmingw32_a-cinitexe.o)
 .rdata$zzz     0x0000000140005e10       0x30 D:/MSYS2/ucrt64/bin/../lib/gcc/x86_64-w64-mingw32/15.2.0/../../../../lib/libmingw32.a(lib64_libmingw32_a-merr.o)
 .rdata$zzz     0x0000000140005e40       0x30 D:/MSYS2/ucrt64/bin/../lib/gcc/x86_64-w64-mingw32/15.2.0/../../../../lib/libmingw32.a(lib64_libmingw32_a-xthdloc.o)
 .rdata$zzz     0x0000000140005e70       0x30 D:/MSYS2/ucrt64/bin/../lib/gcc/x86_64-w64-mingw32/15.2.0/../../../../lib/libmingw32.a(lib64_libmingw32_a-mingw_helpers.o)
 .rdata$zzz     0x0000000140005ea0       0x30 D:/MSYS2/ucrt64/bin/../lib/gcc/x86_64-w64-mingw32/15.2.0/../../../../lib/libmingw32.a(lib64_libmingw32_a-pseudo-reloc.o)
 .rdata$zzz     0x0000000140005ed0       0x30 D:/MSYS2/ucrt64/bin/../lib/gcc/x86_64-w64-mingw32/15.2.0/../../../../lib/libmingw32.a(lib64_libmingw32_a-usermatherr.o)
 .rdata$zzz     0x0000000140005f00       0x30 D:/MSYS2/ucrt64/bin/../lib/gcc/x86_64-w64-mingw32/15.2.0/../../../../lib/libmingw32.a(lib64_libmingw32_a-xtxtmode.o)
 .rdata$zzz     0x0000000140005f30       0x30 D:/MSYS2/ucrt64/bin/../lib/gcc/x86_64-w64-mingw32/15.2.0/../../../../lib/libmingw32.a(lib64_libmingw32_a-crt_handler.o)
 .rdata$zzz     0x0000000140005f60       0x30 D:/MSYS2/ucrt64/bin/../lib/gcc/x86_64-w64-mingw32/15.2.0/../../../../lib/libmingw32.a(lib64_libmingw32_a-tlsthrd.o)
 .rdata$zzz     0x0000000140005f90       0x30 D:/MSYS2/ucrt64/bin/../lib/gcc/x86_64-w64-mingw32/15.2.0/../../../../lib/libmingw32.a(lib64_libmingw32_a-tlsmcrt.o)
 .rdata$zzz     0x0000000140005fc0       0x30 D:/MSYS2/ucrt64/bin/../lib/gcc/x86_64-w64-mingw32/15.2.0/../../../../lib/libmingw32.a(lib64_libmingw32_a-CRT_fp10.o)
 .rdata$zzz     0x0000000140005ff0       0x30 D:/MSYS2/ucrt64/bin/../lib/gcc/x86_64-w64-mingw32/15.2.0/../../../../lib/libmingw32.a(lib64_libmingw32_a-pseudo-reloc-list.o)
 .rdata$zzz     0x0000000140006020       0x30 D:/MSYS2/ucrt64/bin/../lib/gcc/x86_64-w64-mingw32/15.2.0/../../../../lib/libmingw32.a(lib64_libmingw32_a-pesect.o)
 .rdata$zzz     0x0000000140006050       0x30 D:/MSYS2/ucrt64/bin/../lib/gcc/x86_64-w64-mingw32/15.2.0/libgcc.a(_ctors.o)
 .rdata$zzz     0x0000000140006080       0x30 D:/MSYS2/ucrt64/bin/../lib/gcc/x86_64-w64-mingw32/15.2.0/../../../../lib/libmingwex.a(lib64_libmingwex_a-mingw_matherr.o)
 .rdata$zzz     0x00000001400060b0       0x30 D:/MSYS2/ucrt64/bin/../lib/gcc/x86_64-w64-mingw32/15.2.0/../../../../lib/libmsvcrt.a(lib64_libucrt_extra_a-ucrt_vfprintf.o)
 .rdata$zzz     0x00000001400060e0       0x30 D:/MSYS2/ucrt64/bin/../lib/gcc/x86_64-w64-mingw32/15.2.0/../../../../lib/libmsvcrt.a(lib64_libucrt_extra_a-ucrt_fprintf.o)
 .rdata$zzz     0x0000000140006110       0x30 D:/MSYS2/ucrt64/bin/../lib/gcc/x86_64-w64-mingw32/15.2.0/../../../../lib/libmsvcrt.a(lib64_libucrt_extra_a-ucrt___local_stdio_printf_options.o)
 .rdata$zzz     0x0000000140006140       0x30 D:/MSYS2/ucrt64/bin/../lib/gcc/x86_64-w64-mingw32/15.2.0/../../../../lib/libmsvcrt.a(lib64_libucrt_extra_a-__p___initenv.o)
 .rdata$zzz     0x0000000140006170       0x30 D:/MSYS2/ucrt64/bin/../lib/gcc/x86_64-w64-mingw32/15.2.0/../../../../lib/libmsvcrt.a(lib64_libucrt_extra_a-ucrt_amsg_exit.o)
 .rdata$zzz     0x00000001400061a0       0x30 D:/MSYS2/ucrt64/bin/../lib/gcc/x86_64-w64-mingw32/15.2.0/../../../../lib/libmsvcrt.a(lib64_libucrt_extra_a-ucrt__getmainargs.o)
 .rdata$zzz     0x00000001400061d0       0x30 D:/MSYS2/ucrt64/bin/../lib/gcc/x86_64-w64-mingw32/15.2.0/../../../../lib/libmsvcrt.a(lib64_libucrt_extra_a-__initenv.o)
 .rdata$zzz     0x0000000140006200       0x30 D:/MSYS2/ucrt64/bin/../lib/gcc/x86_64-w64-mingw32/15.2.0/crtend.o
                0x0000000140006230                . = ALIGN (0x4)
                0x0000000140006230                __rt_psrelocs_start = .
 *(.rdata_runtime_pseudo_reloc)
 .rdata_runtime_pseudo_reloc
                0x0000000140006230       0x18 test_exe_rtr000000.o
 .rdata_runtime_pseudo_reloc
                0x0000000140006248        0xc test_exe_rtr000002.o
 .rdata_runtime_pseudo_reloc
                0x0000000140006254        0xc test_exe_rtr000003.o
 .rdata_runtime_pseudo_reloc
                0x0000000140006260        0xc test_exe_rtr000004.o
 .rdata_runtime_pseudo_reloc
                0x000000014000626c        0xc test_exe_rtr000005.o
                0x0000000140006278                __rt_psrelocs_end = .
                0x0000000140006278                . = ALIGN (0x8)
                0x0000000140006278                __DELAY_IMPORT_DIRECTORY_start__ = .
 SORT_BY_NAME(*)(.didat$2)
 SORT_BY_NAME(*)(.didat$3)
                0x0000000140006278                __DELAY_IMPORT_DIRECTORY_end__ = .
                0x0000000140006278                . = (. + (__DELAY_IMPORT_DIRECTORY_end__ - __DELAY_IMPORT_DIRECTORY_start__)?0x20:0x0)
                0x0000000140006278                . = ALIGN (0x8)
 SORT_BY_NAME(*)(.didat$4)
 SORT_BY_NAME(*)(.didat$6)
 SORT_BY_NAME(*)(.didat$7)
                0x0000000140006278                . = ALIGN (0x8)
                0x0000000140006278                ___CTOR_LIST__ = .
                0x0000000140006278                __CTOR_LIST__ = .
                0x0000000140006278        0x4 LONG 0xffffffffffffffff
                0x000000014000627c        0x4 LONG 0xffffffffffffffff
 *(.ctors)
 *(.ctor)
 *(SORT_BY_NAME(.ctors.*))
 .ctors.65535   0x0000000140006280        0x8 D:/MSYS2/ucrt64/bin/../lib/gcc/x86_64-w64-mingw32/15.2.0/crtend.o
                0x0000000140006288        0x4 LONG 0x0
                0x000000014000628c        0x4 LONG 0x0
                0x0000000140006290                ___DTOR_LIST__ = .
                0x0000000140006290                __DTOR_LIST__ = .
                0x0000000140006290        0x4 LONG 0xffffffffffffffff
                0x0000000140006294        0x4 LONG 0xffffffffffffffff
 *(.dtors)
 *(.dtor)
 *(SORT_BY_NAME(.dtors.*))
                0x0000000140006298        0x4 LONG 0x0
                0x000000014000629c        0x4 LONG 0x0
                0x00000001400062a0                ___crt_xc_start__ = .
 *(SORT_BY_NAME(.CRT$XC*))
 .CRT$XCA       0x00000001400062a0        0x8 D:/MSYS2/ucrt64/bin/../lib/gcc/x86_64-w64-mingw32/15.2.0/../../../../lib/libmingw32.a(lib64_libmingw32_a-cinitexe.o)
                0x00000001400062a0                __xc_a
 .CRT$XCZ       0x00000001400062a8        0x8 D:/MSYS2/ucrt64/bin/../lib/gcc/x86_64-w64-mingw32/15.2.0/../../../../lib/libmingw32.a(lib64_libmingw32_a-cinitexe.o)
                0x00000001400062a8                __xc_z
                0x00000001400062b0                ___crt_xc_end__ = .
                0x00000001400062b0                ___crt_xi_start__ = .
 *(SORT_BY_NAME(.CRT$XI*))
 .CRT$XIA       0x00000001400062b0        0x8 D:/MSYS2/ucrt64/bin/../lib/gcc/x86_64-w64-mingw32/15.2.0/../../../../lib/libmingw32.a(lib64_libmingw32_a-cinitexe.o)
                0x00000001400062b0                __xi_a
 .CRT$XIZ       0x00000001400062b8        0x8 D:/MSYS2/ucrt64/bin/../lib/gcc/x86_64-w64-mingw32/15.2.0/../../../../lib/libmingw32.a(lib64_libmingw32_a-cinitexe.o)
                0x00000001400062b8                __xi_z
                0x00000001400062c0                ___crt_xi_end__ = .
                0x00000001400062c0                ___crt_xl_start__ = .
 *(SORT_BY_NAME(.CRT$XL*))
 .CRT$XLA       0x00000001400062c0        0x8 D:/MSYS2/ucrt64/bin/../lib/gcc/x86_64-w64-mingw32/15.2.0/../../../../lib/libmingw32.a(lib64_libmingw32_a-tlssup.o)
                0x00000001400062c0                __xl_a
 .CRT$XLC       0x00000001400062c8        0x8 D:/MSYS2/ucrt64/bin/../lib/gcc/x86_64-w64-mingw32/15.2.0/../../../../lib/libmingw32.a(lib64_libmingw32_a-tlssup.o)
                0x00000001400062c8                __xl_c
 .CRT$XLD       0x00000001400062d0        0x8 D:/MSYS2/ucrt64/bin/../lib/gcc/x86_64-w64-mingw32/15.2.0/../../../../lib/libmingw32.a(lib64_libmingw32_a-tlssup.o)
                0x00000001400062d0                __xl_d
 .CRT$XLZ       0x00000001400062d8        0x8 D:/MSYS2/ucrt64/bin/../lib/gcc/x86_64-w64-mingw32/15.2.0/../../../../lib/libmingw32.a(lib64_libmingw32_a-tlssup.o)
                0x00000001400062d8                __xl_z
                0x00000001400062e0                ___crt_xp_start__ = .
 *(SORT_BY_NAME(.CRT$XP*))
                0x00000001400062e0                ___crt_xp_end__ = .
                0x00000001400062e0                ___crt_xt_start__ = .
 *(SORT_BY_NAME(.CRT$XT*))
                0x00000001400062e0                ___crt_xt_end__ = .
                0x00000001400062e0                ___crt_xd_start__ = .
 *(SORT_BY_NAME(.CRT$XD*))
 .CRT$XDA       0x00000001400062e0        0x8 D:/MSYS2/ucrt64/bin/../lib/gcc/x86_64-w64-mingw32/15.2.0/../../../../lib/libmingw32.a(lib64_libmingw32_a-tlssup.o)
 .CRT$XDZ       0x00000001400062e8        0x8 D:/MSYS2/ucrt64/bin/../lib/gcc/x86_64-w64-mingw32/15.2.0/../../../../lib/libmingw32.a(lib64_libmingw32_a-tlssup.o)
                0x00000001400062f0                ___crt_xd_end__ = .
                0x0000000140006278                ___RUNTIME_PSEUDO_RELOC_LIST_END__ = __rt_psrelocs_end
                0x0000000140006278                __RUNTIME_PSEUDO_RELOC_LIST_END__ = __rt_psrelocs_end
                0x0000000140006230                ___RUNTIME_PSEUDO_RELOC_LIST__ = __rt_psrelocs_start
                0x0000000140006230                __RUNTIME_PSEUDO_RELOC_LIST__ = __rt_psrelocs_start

.eh_frame
 *(.eh_frame*)

.pdata          0x0000000140007000      0x400
 *(.pdata*)
 .pdata         0x0000000140007000       0x3c D:/MSYS2/ucrt64/bin/../lib/gcc/x86_64-w64-mingw32/15.2.0/../../../../lib/crt2.o
 .pdata         0x000000014000703c       0x18 D:/MSYS2/ucrt64/bin/../lib/gcc/x86_64-w64-mingw32/15.2.0/crtbegin.o
 .pdata$_ZN5Eigen8internal19throw_std_bad_allocEv
                0x0000000140007054        0xc build/./main.o
 .pdata$_ZN5Eigen8internal14aligned_mallocEy
                0x0000000140007060        0xc build/./main.o
 .pdata$_ZN5Eigen16CommaInitializerINS_6MatrixIdLin1ELin1ELi0ELin1ELin1EEEEcmERKd
                0x000000014000706c        0xc build/./main.o
 .pdata$_ZN5Eigen8IOFormatD1Ev
                0x0000000140007078        0xc build/./main.o
 .pdata$_ZNSt7__cxx1112basic_stringIcSt11char_traitsIcESaIcEE12_M_constructIPKcEEvT_S8_St20forward_iterator_tag
                0x0000000140007084        0xc build/./main.o
 .pdata$_ZNSt7__cxx1112basic_stringIcSt11char_traitsIcESaIcEEC1IS3_EEPKcRKS3_
                0x0000000140007090        0xc build/./main.o
 .pdata$_ZNSt7__cxx1112basic_stringIcSt11char_traitsIcESaIcEE12_M_constructILb1EEEvPKcy
                0x000000014000709c        0xc build/./main.o
 .pdata$_ZN5Eigen8IOFormatC1EiiRKNSt7__cxx1112basic_stringIcSt11char_traitsIcESaIcEEES8_S8_S8_S8_S8_c
                0x00000001400070a8        0xc build/./main.o
 .pdata$_ZN5Eigen16CommaInitializerINS_6MatrixIdLin1ELin1ELi0ELin1ELin1EEEEC1ERS2_RKd
                0x00000001400070b4        0xc build/./main.o
 .pdata$_ZN5Eigen16CommaInitializerINS_6MatrixIdLin1ELin1ELi0ELin1ELin1EEEE8finishedEv
                0x00000001400070c0        0xc build/./main.o
 .pdata$_ZN5Eigen8internal12print_matrixINS_6MatrixIdLin1ELin1ELi0ELin1ELin1EEEEERSoS4_RKT_RKNS_8IOFormatE
                0x00000001400070cc        0xc build/./main.o
 .pdata$_ZN5EigenlsINS_6MatrixIdLin1ELin1ELi0ELin1ELin1EEEEERSoS3_RKNS_9DenseBaseIT_EE
                0x00000001400070d8        0xc build/./main.o
 .pdata$_ZN5Eigen8internal28conditional_aligned_new_autoIdLb1EEEPT_y
                0x00000001400070e4        0xc build/./main.o
 .pdata$_ZN5Eigen8internal17DenseStorage_implIdLin1ELin1ELin1ELi0EE6resizeExxx
                0x00000001400070f0        0xc build/./main.o
 .pdata$_ZN5Eigen15PlainObjectBaseINS_6MatrixIdLin1ELin1ELi0ELin1ELin1EEEE6resizeExx
                0x00000001400070fc        0xc build/./main.o
 .pdata$_ZN5Eigen6MatrixIdLin1ELin1ELi0ELin1ELin1EEC1IiiEERKT_RKT0_
                0x0000000140007108        0xc build/./main.o
 .pdata         0x0000000140007114        0xc build/./main.o
 .pdata         0x0000000140007120       0x18 build/./printer/printer.o
 .pdata         0x0000000140007138       0x24 D:/MSYS2/ucrt64/bin/../lib/gcc/x86_64-w64-mingw32/15.2.0/../../../../lib/libmingw32.a(lib64_libmingw32_a-gccmain.o)
 .pdata         0x000000014000715c        0xc D:/MSYS2/ucrt64/bin/../lib/gcc/x86_64-w64-mingw32/15.2.0/../../../../lib/libmingw32.a(lib64_libmingw32_a-dllargv.o)
 .pdata         0x0000000140007168       0x24 D:/MSYS2/ucrt64/bin/../lib/gcc/x86_64-w64-mingw32/15.2.0/../../../../lib/libmingw32.a(lib64_libmingw32_a-tlssup.o)
 .pdata         0x000000014000718c        0xc D:/MSYS2/ucrt64/bin/../lib/gcc/x86_64-w64-mingw32/15.2.0/../../../../lib/libmingw32.a(lib64_libmingw32_a-merr.o)
 .pdata         0x0000000140007198       0x24 D:/MSYS2/ucrt64/bin/../lib/gcc/x86_64-w64-mingw32/15.2.0/../../../../lib/libmingw32.a(lib64_libmingw32_a-pseudo-reloc.o)
 .pdata         0x00000001400071bc       0x18 D:/MSYS2/ucrt64/bin/../lib/gcc/x86_64-w64-mingw32/15.2.0/../../../../lib/libmingw32.a(lib64_libmingw32_a-usermatherr.o)
 .pdata         0x00000001400071d4        0xc D:/MSYS2/ucrt64/bin/../lib/gcc/x86_64-w64-mingw32/15.2.0/../../../../lib/libmingw32.a(lib64_libmingw32_a-crt_handler.o)
 .pdata         0x00000001400071e0       0x30 D:/MSYS2/ucrt64/bin/../lib/gcc/x86_64-w64-mingw32/15.2.0/../../../../lib/libmingw32.a(lib64_libmingw32_a-tlsthrd.o)
 .pdata         0x0000000140007210        0xc D:/MSYS2/ucrt64/bin/../lib/gcc/x86_64-w64-mingw32/15.2.0/../../../../lib/libmingw32.a(lib64_libmingw32_a-CRT_fp10.o)
 .pdata         0x000000014000721c       0x6c D:/MSYS2/ucrt64/bin/../lib/gcc/x86_64-w64-mingw32/15.2.0/../../../../lib/libmingw32.a(lib64_libmingw32_a-pesect.o)
 .pdata         0x0000000140007288        0xc D:/MSYS2/ucrt64/bin/../lib/gcc/x86_64-w64-mingw32/15.2.0/../../../../lib/libmsvcrt.a(lib64_libucrt_extra_a-ucrt_vfprintf.o)
 .pdata         0x0000000140007294        0xc D:/MSYS2/ucrt64/bin/../lib/gcc/x86_64-w64-mingw32/15.2.0/../../../../lib/libmsvcrt.a(lib64_libucrt_extra_a-ucrt_fprintf.o)
 .pdata         0x00000001400072a0        0xc D:/MSYS2/ucrt64/bin/../lib/gcc/x86_64-w64-mingw32/15.2.0/../../../../lib/libmsvcrt.a(lib64_libucrt_extra_a-ucrt___local_stdio_printf_options.o)
 .pdata         0x00000001400072ac        0xc D:/MSYS2/ucrt64/bin/../lib/gcc/x86_64-w64-mingw32/15.2.0/../../../../lib/libmsvcrt.a(lib64_libucrt_extra_a-__p___initenv.o)
 .pdata         0x00000001400072b8        0xc D:/MSYS2/ucrt64/bin/../lib/gcc/x86_64-w64-mingw32/15.2.0/../../../../lib/libmsvcrt.a(lib64_libucrt_extra_a-ucrt_amsg_exit.o)
 .pdata         0x00000001400072c4        0xc D:/MSYS2/ucrt64/bin/../lib/gcc/x86_64-w64-mingw32/15.2.0/../../../../lib/libmsvcrt.a(lib64_libucrt_extra_a-ucrt__getmainargs.o)
 .pdata.startup
                0x00000001400072d0        0xc D:/MSYS2/ucrt64/bin/../lib/gcc/x86_64-w64-mingw32/15.2.0/crtend.o

.xdata          0x0000000140008000      0x400
 *(.xdata*)
 .xdata         0x0000000140008000       0x60 D:/MSYS2/ucrt64/bin/../lib/gcc/x86_64-w64-mingw32/15.2.0/../../../../lib/crt2.o
 .xdata         0x0000000140008060        0x8 D:/MSYS2/ucrt64/bin/../lib/gcc/x86_64-w64-mingw32/15.2.0/crtbegin.o
 .xdata$_ZN5Eigen8internal19throw_std_bad_allocEv
                0x0000000140008068        0x8 build/./main.o
 .xdata$_ZN5Eigen8internal14aligned_mallocEy
                0x0000000140008070        0x8 build/./main.o
 .xdata$_ZN5Eigen16CommaInitializerINS_6MatrixIdLin1ELin1ELi0ELin1ELin1EEEEcmERKd
                0x0000000140008078        0x8 build/./main.o
 .xdata$_ZN5Eigen8IOFormatD1Ev
                0x0000000140008080        0x8 build/./main.o
 .xdata$_ZNSt7__cxx1112basic_stringIcSt11char_traitsIcESaIcEE12_M_constructIPKcEEvT_S8_St20forward_iterator_tag
                0x0000000140008088        0xc build/./main.o
 .xdata$_ZNSt7__cxx1112basic_stringIcSt11char_traitsIcESaIcEEC1IS3_EEPKcRKS3_
                0x0000000140008094        0xc build/./main.o
 .xdata$_ZNSt7__cxx1112basic_stringIcSt11char_traitsIcESaIcEE12_M_constructILb1EEEvPKcy
                0x00000001400080a0        0x8 build/./main.o
 .xdata$_ZN5Eigen8IOFormatC1EiiRKNSt7__cxx1112basic_stringIcSt11char_traitsIcESaIcEEES8_S8_S8_S8_S8_c
                0x00000001400080a8       0x54 build/./main.o
 .xdata$_ZN5Eigen16CommaInitializerINS_6MatrixIdLin1ELin1ELi0ELin1ELin1EEEEC1ERS2_RKd
                0x00000001400080fc        0x8 build/./main.o
 .xdata$_ZN5Eigen16CommaInitializerINS_6MatrixIdLin1ELin1ELi0ELin1ELin1EEEE8finishedEv
                0x0000000140008104        0x8 build/./main.o
 .xdata$_ZN5Eigen8internal12print_matrixINS_6MatrixIdLin1ELin1ELi0ELin1ELin1EEEEERSoS4_RKT_RKNS_8IOFormatE
                0x000000014000810c       0x3c build/./main.o
 .xdata$_ZN5EigenlsINS_6MatrixIdLin1ELin1ELi0ELin1ELin1EEEEERSoS3_RKNS_9DenseBaseIT_EE
                0x0000000140008148       0x44 build/./main.o
 .xdata$_ZN5Eigen8internal28conditional_aligned_new_autoIdLb1EEEPT_y
                0x000000014000818c        0x8 build/./main.o
 .xdata$_ZN5Eigen8internal17DenseStorage_implIdLin1ELin1ELin1ELi0EE6resizeExxx
                0x0000000140008194       0x10 build/./main.o
 .xdata$_ZN5Eigen15PlainObjectBaseINS_6MatrixIdLin1ELin1ELi0ELin1ELin1EEEE6resizeExx
                0x00000001400081a4        0x8 build/./main.o
 .xdata$_ZN5Eigen6MatrixIdLin1ELin1ELi0ELin1ELin1EEC1IiiEERKT_RKT0_
                0x00000001400081ac       0x1c build/./main.o
 .xdata         0x00000001400081c8       0x40 build/./main.o
 .xdata         0x0000000140008208       0x10 build/./printer/printer.o
 .xdata         0x0000000140008218       0x18 D:/MSYS2/ucrt64/bin/../lib/gcc/x86_64-w64-mingw32/15.2.0/../../../../lib/libmingw32.a(lib64_libmingw32_a-gccmain.o)
 .xdata         0x0000000140008230        0x4 D:/MSYS2/ucrt64/bin/../lib/gcc/x86_64-w64-mingw32/15.2.0/../../../../lib/libmingw32.a(lib64_libmingw32_a-dllargv.o)
 .xdata         0x0000000140008234       0x14 D:/MSYS2/ucrt64/bin/../lib/gcc/x86_64-w64-mingw32/15.2.0/../../../../lib/libmingw32.a(lib64_libmingw32_a-tlssup.o)
 .xdata         0x0000000140008248       0x18 D:/MSYS2/ucrt64/bin/../lib/gcc/x86_64-w64-mingw32/15.2.0/../../../../lib/libmingw32.a(lib64_libmingw32_a-merr.o)
 .xdata         0x0000000140008260       0x30 D:/MSYS2/ucrt64/bin/../lib/gcc/x86_64-w64-mingw32/15.2.0/../../../../lib/libmingw32.a(lib64_libmingw32_a-pseudo-reloc.o)
 .xdata         0x0000000140008290        0xc D:/MSYS2/ucrt64/bin/../lib/gcc/x86_64-w64-mingw32/15.2.0/../../../../lib/libmingw32.a(lib64_libmingw32_a-usermatherr.o)
 .xdata         0x000000014000829c        0x8 D:/MSYS2/ucrt64/bin/../lib/gcc/x86_64-w64-mingw32/15.2.0/../../../../lib/libmingw32.a(lib64_libmingw32_a-crt_handler.o)
 .xdata         0x00000001400082a4       0x28 D:/MSYS2/ucrt64/bin/../lib/gcc/x86_64-w64-mingw32/15.2.0/../../../../lib/libmingw32.a(lib64_libmingw32_a-tlsthrd.o)
 .xdata         0x00000001400082cc        0x4 D:/MSYS2/ucrt64/bin/../lib/gcc/x86_64-w64-mingw32/15.2.0/../../../../lib/libmingw32.a(lib64_libmingw32_a-CRT_fp10.o)
 .xdata         0x00000001400082d0       0x30 D:/MSYS2/ucrt64/bin/../lib/gcc/x86_64-w64-mingw32/15.2.0/../../../../lib/libmingw32.a(lib64_libmingw32_a-pesect.o)
 .xdata         0x0000000140008300        0xc D:/MSYS2/ucrt64/bin/../lib/gcc/x86_64-w64-mingw32/15.2.0/../../../../lib/libmsvcrt.a(lib64_libucrt_extra_a-ucrt_vfprintf.o)
 .xdata         0x000000014000830c        0xc D:/MSYS2/ucrt64/bin/../lib/gcc/x86_64-w64-mingw32/15.2.0/../../../../lib/libmsvcrt.a(lib64_libucrt_extra_a-ucrt_fprintf.o)
 .xdata         0x0000000140008318        0x4 D:/MSYS2/ucrt64/bin/../lib/gcc/x86_64-w64-mingw32/15.2.0/../../../../lib/libmsvcrt.a(lib64_libucrt_extra_a-ucrt___local_stdio_printf_options.o)
 .xdata         0x000000014000831c        0x4 D:/MSYS2/ucrt64/bin/../lib/gcc/x86_64-w64-mingw32/15.2.0/../../../../lib/libmsvcrt.a(lib64_libucrt_extra_a-__p___initenv.o)
 .xdata         0x0000000140008320        0x8 D:/MSYS2/ucrt64/bin/../lib/gcc/x86_64-w64-mingw32/15.2.0/../../../../lib/libmsvcrt.a(lib64_libucrt_extra_a-ucrt_amsg_exit.o)
 .xdata         0x0000000140008328       0x10 D:/MSYS2/ucrt64/bin/../lib/gcc/x86_64-w64-mingw32/15.2.0/../../../../lib/libmsvcrt.a(lib64_libucrt_extra_a-ucrt__getmainargs.o)
 .xdata.startup
                0x0000000140008338        0x4 D:/MSYS2/ucrt64/bin/../lib/gcc/x86_64-w64-mingw32/15.2.0/crtend.o

.bss            0x0000000140009000      0x180
                0x0000000140009000                __bss_start__ = .
 *(.bss)
 .bss           0x0000000140009000       0x30 D:/MSYS2/ucrt64/bin/../lib/gcc/x86_64-w64-mingw32/15.2.0/../../../../lib/crt2.o
                0x0000000140009000                __mingw_module_is_dll
 .bss           0x0000000140009030        0x0 D:/MSYS2/ucrt64/bin/../lib/gcc/x86_64-w64-mingw32/15.2.0/crtbegin.o
 .bss           0x0000000140009030        0x0 build/./main.o
 .bss           0x0000000140009030        0x0 build/./printer/printer.o
 .bss           0x0000000140009030       0x10 D:/MSYS2/ucrt64/bin/../lib/gcc/x86_64-w64-mingw32/15.2.0/../../../../lib/libmingw32.a(lib64_libmingw32_a-gccmain.o)
 .bss           0x0000000140009040       0x10 D:/MSYS2/ucrt64/bin/../lib/gcc/x86_64-w64-mingw32/15.2.0/../../../../lib/libmingw32.a(lib64_libmingw32_a-natstart.o)
                0x0000000140009040                __native_startup_lock
                0x0000000140009048                __native_startup_state
 .bss           0x0000000140009050       0x10 D:/MSYS2/ucrt64/bin/../lib/gcc/x86_64-w64-mingw32/15.2.0/../../../../lib/libmingw32.a(lib64_libmingw32_a-wildcard.o)
                0x0000000140009050                _dowildcard
 .bss           0x0000000140009060        0x0 D:/MSYS2/ucrt64/bin/../lib/gcc/x86_64-w64-mingw32/15.2.0/../../../../lib/libmingw32.a(lib64_libmingw32_a-dllargv.o)
 .bss           0x0000000140009060       0x10 D:/MSYS2/ucrt64/bin/../lib/gcc/x86_64-w64-mingw32/15.2.0/../../../../lib/libmingw32.a(lib64_libmingw32_a-_newmode.o)
                0x0000000140009060                _newmode
 .bss           0x0000000140009070       0x10 D:/MSYS2/ucrt64/bin/../lib/gcc/x86_64-w64-mingw32/15.2.0/../../../../lib/libmingw32.a(lib64_libmingw32_a-tlssup.o)
                0x0000000140009070                __mingw_initltssuo_force
                0x0000000140009074                __mingw_initltsdyn_force
                0x0000000140009078                __mingw_initltsdrot_force
                0x000000014000907c                _tls_index
 .bss           0x0000000140009080       0x10 D:/MSYS2/ucrt64/bin/../lib/gcc/x86_64-w64-mingw32/15.2.0/../../../../lib/libmingw32.a(lib64_libmingw32_a-xncommod.o)
                0x0000000140009080                _commode
 .bss           0x0000000140009090        0x0 D:/MSYS2/ucrt64/bin/../lib/gcc/x86_64-w64-mingw32/15.2.0/../../../../lib/libmingw32.a(lib64_libmingw32_a-cinitexe.o)
 .bss           0x0000000140009090        0x0 D:/MSYS2/ucrt64/bin/../lib/gcc/x86_64-w64-mingw32/15.2.0/../../../../lib/libmingw32.a(lib64_libmingw32_a-merr.o)
 .bss           0x0000000140009090        0x0 D:/MSYS2/ucrt64/bin/../lib/gcc/x86_64-w64-mingw32/15.2.0/../../../../lib/libmingw32.a(lib64_libmingw32_a-xthdloc.o)
 .bss           0x0000000140009090       0x10 D:/MSYS2/ucrt64/bin/../lib/gcc/x86_64-w64-mingw32/15.2.0/../../../../lib/libmingw32.a(lib64_libmingw32_a-mingw_helpers.o)
                0x0000000140009090                __mingw_app_type
 .bss           0x00000001400090a0       0x10 D:/MSYS2/ucrt64/bin/../lib/gcc/x86_64-w64-mingw32/15.2.0/../../../../lib/libmingw32.a(lib64_libmingw32_a-pseudo-reloc.o)
 .bss           0x00000001400090b0       0x10 D:/MSYS2/ucrt64/bin/../lib/gcc/x86_64-w64-mingw32/15.2.0/../../../../lib/libmingw32.a(lib64_libmingw32_a-usermatherr.o)
 .bss           0x00000001400090c0       0x10 D:/MSYS2/ucrt64/bin/../lib/gcc/x86_64-w64-mingw32/15.2.0/../../../../lib/libmingw32.a(lib64_libmingw32_a-xtxtmode.o)
                0x00000001400090c0                _fmode
 .bss           0x00000001400090d0       0x10 D:/MSYS2/ucrt64/bin/../lib/gcc/x86_64-w64-mingw32/15.2.0/../../../../lib/libmingw32.a(lib64_libmingw32_a-crt_handler.o)
                0x00000001400090d0                __mingw_oldexcpt_handler
 .bss           0x00000001400090e0       0x60 D:/MSYS2/ucrt64/bin/../lib/gcc/x86_64-w64-mingw32/15.2.0/../../../../lib/libmingw32.a(lib64_libmingw32_a-tlsthrd.o)
 .bss           0x0000000140009140        0x0 D:/MSYS2/ucrt64/bin/../lib/gcc/x86_64-w64-mingw32/15.2.0/../../../../lib/libmingw32.a(lib64_libmingw32_a-tlsmcrt.o)
 .bss           0x0000000140009140        0x0 D:/MSYS2/ucrt64/bin/../lib/gcc/x86_64-w64-mingw32/15.2.0/../../../../lib/libmingw32.a(lib64_libmingw32_a-CRT_fp10.o)
 .bss           0x0000000140009140       0x10 D:/MSYS2/ucrt64/bin/../lib/gcc/x86_64-w64-mingw32/15.2.0/../../../../lib/libmingw32.a(lib64_libmingw32_a-pseudo-reloc-list.o)
 .bss           0x0000000140009150        0x0 D:/MSYS2/ucrt64/bin/../lib/gcc/x86_64-w64-mingw32/15.2.0/../../../../lib/libmingw32.a(lib64_libmingw32_a-pesect.o)
 .bss           0x0000000140009150        0x0 D:/MSYS2/ucrt64/bin/../lib/gcc/x86_64-w64-mingw32/15.2.0/libgcc.a(_chkstk_ms.o)
 .bss           0x0000000140009150       0x20 D:/MSYS2/ucrt64/bin/../lib/gcc/x86_64-w64-mingw32/15.2.0/libgcc.a(_ctors.o)
 .bss           0x0000000140009170        0x0 D:/MSYS2/ucrt64/bin/../lib/gcc/x86_64-w64-mingw32/15.2.0/../../../../lib/libmingwex.a(lib64_libmingwex_a-mingw_matherr.o)
 .bss           0x0000000140009170        0x0 D:/MSYS2/ucrt64/bin/../lib/gcc/x86_64-w64-mingw32/15.2.0/../../../../lib/libmsvcrt.a(lib64_libucrt_extra_a-ucrt_vfprintf.o)
 .bss           0x0000000140009170        0x0 D:/MSYS2/ucrt64/bin/../lib/gcc/x86_64-w64-mingw32/15.2.0/../../../../lib/libmsvcrt.a(lib64_libucrt_extra_a-ucrt_fprintf.o)
 .bss           0x0000000140009170        0x0 D:/MSYS2/ucrt64/bin/../lib/gcc/x86_64-w64-mingw32/15.2.0/../../../../lib/libmsvcrt.a(lib64_libucrt_extra_a-ucrt___local_stdio_printf_options.o)
 .bss           0x0000000140009170        0x0 D:/MSYS2/ucrt64/bin/../lib/gcc/x86_64-w64-mingw32/15.2.0/../../../../lib/libmsvcrt.a(lib64_libucrt_extra_a-__p___initenv.o)
 .bss           0x0000000140009170        0x0 D:/MSYS2/ucrt64/bin/../lib/gcc/x86_64-w64-mingw32/15.2.0/../../../../lib/libmsvcrt.a(lib64_libucrt_extra_a-ucrt_amsg_exit.o)
 .bss           0x0000000140009170        0x0 D:/MSYS2/ucrt64/bin/../lib/gcc/x86_64-w64-mingw32/15.2.0/../../../../lib/libmsvcrt.a(lib64_libucrt_extra_a-ucrt__getmainargs.o)
 .bss           0x0000000140009170        0x0 D:/MSYS2/ucrt64/bin/../lib/gcc/x86_64-w64-mingw32/15.2.0/../../../../lib/libmsvcrt.a(libapi-ms-win-crt-string-l1-1-0s00167.o)
 .bss           0x0000000140009170        0x0 D:/MSYS2/ucrt64/bin/../lib/gcc/x86_64-w64-mingw32/15.2.0/../../../../lib/libmsvcrt.a(libapi-ms-win-crt-string-l1-1-0s00170.o)
 .bss           0x0000000140009170        0x0 D:/MSYS2/ucrt64/bin/../lib/gcc/x86_64-w64-mingw32/15.2.0/../../../../lib/libmsvcrt.a(libapi-ms-win-crt-string-l1-1-0h.o)
 .bss           0x0000000140009170        0x0 D:/MSYS2/ucrt64/bin/../lib/gcc/x86_64-w64-mingw32/15.2.0/../../../../lib/libmsvcrt.a(libapi-ms-win-crt-string-l1-1-0t.o)
 .bss           0x0000000140009170        0x0 D:/MSYS2/ucrt64/bin/../lib/gcc/x86_64-w64-mingw32/15.2.0/../../../../lib/libmsvcrt.a(libapi-ms-win-crt-stdio-l1-1-0s00000.o)
 .bss           0x0000000140009170        0x0 D:/MSYS2/ucrt64/bin/../lib/gcc/x86_64-w64-mingw32/15.2.0/../../../../lib/libmsvcrt.a(libapi-ms-win-crt-stdio-l1-1-0s00001.o)
 .bss           0x0000000140009170        0x0 D:/MSYS2/ucrt64/bin/../lib/gcc/x86_64-w64-mingw32/15.2.0/../../../../lib/libmsvcrt.a(libapi-ms-win-crt-stdio-l1-1-0s00002.o)
 .bss           0x0000000140009170        0x0 D:/MSYS2/ucrt64/bin/../lib/gcc/x86_64-w64-mingw32/15.2.0/../../../../lib/libmsvcrt.a(libapi-ms-win-crt-stdio-l1-1-0s00003.o)
 .bss           0x0000000140009170        0x0 D:/MSYS2/ucrt64/bin/../lib/gcc/x86_64-w64-mingw32/15.2.0/../../../../lib/libmsvcrt.a(libapi-ms-win-crt-stdio-l1-1-0s00182.o)
 .bss           0x0000000140009170        0x0 D:/MSYS2/ucrt64/bin/../lib/gcc/x86_64-w64-mingw32/15.2.0/../../../../lib/libmsvcrt.a(libapi-ms-win-crt-stdio-l1-1-0h.o)
 .bss           0x0000000140009170        0x0 D:/MSYS2/ucrt64/bin/../lib/gcc/x86_64-w64-mingw32/15.2.0/../../../../lib/libmsvcrt.a(libapi-ms-win-crt-stdio-l1-1-0t.o)
 .bss           0x0000000140009170        0x0 D:/MSYS2/ucrt64/bin/../lib/gcc/x86_64-w64-mingw32/15.2.0/../../../../lib/libmsvcrt.a(libapi-ms-win-crt-runtime-l1-1-0s00004.o)
 .bss           0x0000000140009170        0x0 D:/MSYS2/ucrt64/bin/../lib/gcc/x86_64-w64-mingw32/15.2.0/../../../../lib/libmsvcrt.a(libapi-ms-win-crt-runtime-l1-1-0s00005.o)
 .bss           0x0000000140009170        0x0 D:/MSYS2/ucrt64/bin/../lib/gcc/x86_64-w64-mingw32/15.2.0/../../../../lib/libmsvcrt.a(libapi-ms-win-crt-runtime-l1-1-0s00018.o)
 .bss           0x0000000140009170        0x0 D:/MSYS2/ucrt64/bin/../lib/gcc/x86_64-w64-mingw32/15.2.0/../../../../lib/libmsvcrt.a(libapi-ms-win-crt-runtime-l1-1-0s00022.o)
 .bss           0x0000000140009170        0x0 D:/MSYS2/ucrt64/bin/../lib/gcc/x86_64-w64-mingw32/15.2.0/../../../../lib/libmsvcrt.a(libapi-ms-win-crt-runtime-l1-1-0s00024.o)
 .bss           0x0000000140009170        0x0 D:/MSYS2/ucrt64/bin/../lib/gcc/x86_64-w64-mingw32/15.2.0/../../../../lib/libmsvcrt.a(libapi-ms-win-crt-runtime-l1-1-0s00030.o)
 .bss           0x0000000140009170        0x0 D:/MSYS2/ucrt64/bin/../lib/gcc/x86_64-w64-mingw32/15.2.0/../../../../lib/libmsvcrt.a(libapi-ms-win-crt-runtime-l1-1-0s00035.o)
 .bss           0x0000000140009170        0x0 D:/MSYS2/ucrt64/bin/../lib/gcc/x86_64-w64-mingw32/15.2.0/../../../../lib/libmsvcrt.a(libapi-ms-win-crt-runtime-l1-1-0s00051.o)
 .bss           0x0000000140009170        0x0 D:/MSYS2/ucrt64/bin/../lib/gcc/x86_64-w64-mingw32/15.2.0/../../../../lib/libmsvcrt.a(libapi-ms-win-crt-runtime-l1-1-0s00054.o)
 .bss           0x0000000140009170        0x0 D:/MSYS2/ucrt64/bin/../lib/gcc/x86_64-w64-mingw32/15.2.0/../../../../lib/libmsvcrt.a(libapi-ms-win-crt-runtime-l1-1-0s00056.o)
 .bss           0x0000000140009170        0x0 D:/MSYS2/ucrt64/bin/../lib/gcc/x86_64-w64-mingw32/15.2.0/../../../../lib/libmsvcrt.a(libapi-ms-win-crt-runtime-l1-1-0s00057.o)
 .bss           0x0000000140009170        0x0 D:/MSYS2/ucrt64/bin/../lib/gcc/x86_64-w64-mingw32/15.2.0/../../../../lib/libmsvcrt.a(libapi-ms-win-crt-runtime-l1-1-0s00073.o)
 .bss           0x0000000140009170        0x0 D:/MSYS2/ucrt64/bin/../lib/gcc/x86_64-w64-mingw32/15.2.0/../../../../lib/libmsvcrt.a(libapi-ms-win-crt-runtime-l1-1-0s00086.o)
 .bss           0x0000000140009170        0x0 D:/MSYS2/ucrt64/bin/../lib/gcc/x86_64-w64-mingw32/15.2.0/../../../../lib/libmsvcrt.a(libapi-ms-win-crt-runtime-l1-1-0s00087.o)
 .bss           0x0000000140009170        0x0 D:/MSYS2/ucrt64/bin/../lib/gcc/x86_64-w64-mingw32/15.2.0/../../../../lib/libmsvcrt.a(libapi-ms-win-crt-runtime-l1-1-0s00101.o)
 .bss           0x0000000140009170        0x0 D:/MSYS2/ucrt64/bin/../lib/gcc/x86_64-w64-mingw32/15.2.0/../../../../lib/libmsvcrt.a(libapi-ms-win-crt-runtime-l1-1-0h.o)
 .bss           0x0000000140009170        0x0 D:/MSYS2/ucrt64/bin/../lib/gcc/x86_64-w64-mingw32/15.2.0/../../../../lib/libmsvcrt.a(libapi-ms-win-crt-runtime-l1-1-0t.o)